 Project1

 Timestamp is 674e1b77 (Mon Dec  2 23:41:27 2024)

 Preferred load address is 0000000140000000

 Start         Length     Name                   Class
 0001:00000000 00002484H .text                   CODE
 0001:00002490 00000023H .text$_ZN6System7Classes15TComponentClassC1EPNS_10TMetaClassE CODE
 0001:000024c0 0000000eH .text$__clang_call_terminate CODE
 0001:000024d0 00000023H .text$_ZN6System7Classes15TComponentClassC2EPNS_10TMetaClassE CODE
 0001:00002500 0000001eH .text$_ZN6System15DelphiMetaClassINS_7Classes15TComponentClassEEC2EPNS_10TMetaClassE CODE
 0001:00002520 0000009eH .text                   CODE
 0001:000025c0 00000075H .text$_ZN3Vcl5Forms5TFormC3EPN6System7Classes10TComponentE CODE
 0001:00002640 0000004cH .text$_ZN6TForm1D0Ev    CODE
 0001:00002690 0000007fH .text$_ZN3Vcl5Forms5TFormC3EPN6System7Classes10TComponentEi CODE
 0001:00002710 00000091H .text$_ZN3Vcl5Forms5TFormC3EPN6System7Classes10TComponentEii CODE
 0001:000027b0 0000004cH .text$_ZN3Vcl5Forms5TFormD0Ev CODE
 0001:00002800 00004046H .text                   CODE
 0001:00006850 000000d2H .text$_ZN6System8Sysutils11ERangeErrorC3ENS_13UnicodeStringE CODE
 0001:00006930 0000004cH .text$_ZN6System8Sysutils11ERangeErrorD0Ev CODE
 0001:00006980 0000005bH .text$_ZN6System11WideCharLenIwEEiPKT_ CODE
 0001:000069e0 0000005bH .text$_ZN6System11WideCharLenIDsEEiPKT_ CODE
 0001:00006a40 00000059H .text$_ZN6System11AnsiStringTILt0EEC2EPKci CODE
 0001:00006aa0 000000e9H .text$_ZN6System11AnsiStringTILt0EED2Ev CODE
 0001:00006b90 00000030H .text$_ZN6System11AnsiStringTILt0EEC2Ev CODE
 0001:00006bc0 0000002aH .text$_ZN6System13UnicodeStringC2ILt0EEERKNS_11AnsiStringTIXT_EEE CODE
 0001:00006bf0 000000d2H .text$_ZN6System8Sysutils9EIntErrorC3ENS_13UnicodeStringE CODE
 0001:00006cd0 000000d2H .text$_ZN6System8Sysutils9EExternalC3ENS_13UnicodeStringE CODE
 0001:00006db0 0000004cH .text$_ZN6System8Sysutils9EIntErrorD0Ev CODE
 0001:00006e00 0000004cH .text$_ZN6System8Sysutils9EExternalD0Ev CODE
 0001:00006e50 00000023H .text$_ZN6System11AnsiStringTILt0EEC2ERKS1_ CODE
 0001:00006e80 00000012H .text$_ZN6System14AnsiStringBaseC2Ev CODE
 0001:00006ea0 00001a48H .text                   CODE
 0001:000088f0 0000000bH .text$_ZN6System15DelphiInterfaceINS_10IInterfaceEEadEv CODE
 0001:00008900 0000004dH .text$_ZN6System15DelphiInterfaceINS_10IInterfaceEED2Ev CODE
 0001:00008950 00000029H .text$_ZNSt3__110lock_guardINS_5mutexEEC2B6v15007ERS1_ CODE
 0001:00008980 00000035H .text$_ZNSt3__113unordered_mapIPN6System7Typinfo9TTypeInfoEPSt9type_infoNS_4hashIS4_EENS_8equal_toIS4_EENS_9allocatorINS_4pairIKS4_S6_EEEEEC2B6v15007Ev CODE
 0001:000089c0 00000019H .text$_ZNSt3__113unordered_mapIPN6System7Typinfo9TTypeInfoEPSt9type_infoNS_4hashIS4_EENS_8equal_toIS4_EENS_9allocatorINS_4pairIKS4_S6_EEEEED2B6v15007Ev CODE
 0001:000089e0 00000084H .text$_ZNSt3__113unordered_mapIPN6System7Typinfo9TTypeInfoEPSt9type_infoNS_4hashIS4_EENS_8equal_toIS4_EENS_9allocatorINS_4pairIKS4_S6_EEEEEixERSD_ CODE
 0001:00008a70 0000004aH .text$_ZN6System11AnsiStringTILt65001EEC2ERKNS_13UnicodeStringE CODE
 0001:00008ac0 00000098H .text$_ZNK6System11AnsiStringTILt65001EEplERKS1_ CODE
 0001:00008b60 0000004aH .text$_ZN6System11AnsiStringTILt65001EEC2EPKc CODE
 0001:00008bb0 00000030H .text$_ZN6System11AnsiStringTILt65001EEC2Ev CODE
 0001:00008be0 0000002cH .text$_ZN6System11AnsiStringTILt65001EEaSERKS1_ CODE
 0001:00008c10 00000019H .text$_ZN6System11AnsiStringTILt65001EED2Ev CODE
 0001:00008c30 00000030H .text$_ZN10__cxxabiv117__class_type_infoC2Ev CODE
 0001:00008c60 00000043H .text$_ZNK6System11AnsiStringTILt65001EE5c_strEv CODE
 0001:00008cb0 0000001cH .text$_ZNSt3__110lock_guardINS_5mutexEED2B6v15007Ev CODE
 0001:00008cd0 00000030H .text$_ZN10__cxxabiv116__shim_type_infoC2Ev CODE
 0001:00008d00 00000083H .text$_ZNSt3__112__hash_tableINS_17__hash_value_typeIPN6System7Typinfo9TTypeInfoEPSt9type_infoEENS_22__unordered_map_hasherIS5_S8_NS_4hashIS5_EENS_8equal_toIS5_EELb1EEENS_21__unordered_map_equalIS5_S8_SD_SB_Lb1EEENS_9allocatorIS8_EEEC2Ev CODE
 0001:00008d90 00000007H .text$_ZNSt3__119__debug_db_insert_cB6v15007INS_13unordered_mapIPN6System7Typinfo9TTypeInfoEPSt9type_infoNS_4hashIS5_EENS_8equal_toIS5_EENS_9allocatorINS_4pairIKS5_S7_EEEEEEEEvPT_ CODE
 0001:00008da0 00000030H .text$_ZNSt3__110unique_ptrIA_PNS_16__hash_node_baseIPNS_11__hash_nodeINS_17__hash_value_typeIPN6System7Typinfo9TTypeInfoEPSt9type_infoEEPvEEEENS_25__bucket_list_deallocatorINS_9allocatorISF_EEEEEC2B6v15007ILb1EvEEv CODE
 0001:00008dd0 00000030H .text$_ZNSt3__117__compressed_pairINS_16__hash_node_baseIPNS_11__hash_nodeINS_17__hash_value_typeIPN6System7Typinfo9TTypeInfoEPSt9type_infoEEPvEEEENS_9allocatorISC_EEEC2B6v15007ILb1EvEEv CODE
 0001:00008e00 0000003bH .text$_ZNSt3__117__compressed_pairIyNS_22__unordered_map_hasherIPN6System7Typinfo9TTypeInfoENS_17__hash_value_typeIS5_PSt9type_infoEENS_4hashIS5_EENS_8equal_toIS5_EELb1EEEEC2B6v15007IiNS_18__default_init_tagEEEOT_OT0_ CODE
 0001:00008e40 0000003bH .text$_ZNSt3__117__compressed_pairIfNS_21__unordered_map_equalIPN6System7Typinfo9TTypeInfoENS_17__hash_value_typeIS5_PSt9type_infoEENS_8equal_toIS5_EENS_4hashIS5_EELb1EEEEC2B6v15007IfNS_18__default_init_tagEEEOT_OT0_ CODE
 0001:00008e80 0000003eH .text$_ZNSt3__117__compressed_pairIPPNS_16__hash_node_baseIPNS_11__hash_nodeINS_17__hash_value_typeIPN6System7Typinfo9TTypeInfoEPSt9type_infoEEPvEEEENS_25__bucket_list_deallocatorINS_9allocatorISF_EEEEEC2B6v15007INS_16__value_init_tagESN_EEOT_OT0_ CODE
 0001:00008ec0 0000001cH .text$_ZNSt3__122__compressed_pair_elemIPPNS_16__hash_node_baseIPNS_11__hash_nodeINS_17__hash_value_typeIPN6System7Typinfo9TTypeInfoEPSt9type_infoEEPvEEEELi0ELb0EEC2B6v15007ENS_16__value_init_tagE CODE
 0001:00008ee0 0000001dH .text$_ZNSt3__122__compressed_pair_elemINS_25__bucket_list_deallocatorINS_9allocatorIPNS_16__hash_node_baseIPNS_11__hash_nodeINS_17__hash_value_typeIPN6System7Typinfo9TTypeInfoEPSt9type_infoEEPvEEEEEEEELi1ELb0EEC2B6v15007ENS_16__value_init_tagE CODE
 0001:00008f00 00000038H .text$_ZNSt3__125__bucket_list_deallocatorINS_9allocatorIPNS_16__hash_node_baseIPNS_11__hash_nodeINS_17__hash_value_typeIPN6System7Typinfo9TTypeInfoEPSt9type_infoEEPvEEEEEEEC2B6v15007Ev CODE
 0001:00008f40 0000003bH .text$_ZNSt3__117__compressed_pairIyNS_9allocatorIPNS_16__hash_node_baseIPNS_11__hash_nodeINS_17__hash_value_typeIPN6System7Typinfo9TTypeInfoEPSt9type_infoEEPvEEEEEEEC2B6v15007IiNS_18__default_init_tagEEEOT_OT0_ CODE
 0001:00008f80 00000021H .text$_ZNSt3__122__compressed_pair_elemIyLi0ELb0EEC2B6v15007IivEEOT_ CODE
 0001:00008fb0 0000001dH .text$_ZNSt3__122__compressed_pair_elemINS_9allocatorIPNS_16__hash_node_baseIPNS_11__hash_nodeINS_17__hash_value_typeIPN6System7Typinfo9TTypeInfoEPSt9type_infoEEPvEEEEEELi1ELb1EEC2B6v15007ENS_18__default_init_tagE CODE
 0001:00008fd0 00000019H .text$_ZNSt3__19allocatorIPNS_16__hash_node_baseIPNS_11__hash_nodeINS_17__hash_value_typeIPN6System7Typinfo9TTypeInfoEPSt9type_infoEEPvEEEEEC2B6v15007Ev CODE
 0001:00008ff0 00000007H .text$_ZNSt3__116__non_trivial_ifILb1ENS_9allocatorIPNS_16__hash_node_baseIPNS_11__hash_nodeINS_17__hash_value_typeIPN6System7Typinfo9TTypeInfoEPSt9type_infoEEPvEEEEEEEC2B6v15007Ev CODE
 0001:00009000 0000001dH .text$_ZNSt3__122__compressed_pair_elemINS_16__hash_node_baseIPNS_11__hash_nodeINS_17__hash_value_typeIPN6System7Typinfo9TTypeInfoEPSt9type_infoEEPvEEEELi0ELb0EEC2B6v15007ENS_16__value_init_tagE CODE
 0001:00009020 0000001dH .text$_ZNSt3__122__compressed_pair_elemINS_9allocatorINS_11__hash_nodeINS_17__hash_value_typeIPN6System7Typinfo9TTypeInfoEPSt9type_infoEEPvEEEELi1ELb1EEC2B6v15007ENS_16__value_init_tagE CODE
 0001:00009040 00000012H .text$_ZNSt3__116__hash_node_baseIPNS_11__hash_nodeINS_17__hash_value_typeIPN6System7Typinfo9TTypeInfoEPSt9type_infoEEPvEEEC2B6v15007Ev CODE
 0001:00009060 00000019H .text$_ZNSt3__19allocatorINS_11__hash_nodeINS_17__hash_value_typeIPN6System7Typinfo9TTypeInfoEPSt9type_infoEEPvEEEC2B6v15007Ev CODE
 0001:00009080 00000007H .text$_ZNSt3__116__non_trivial_ifILb1ENS_9allocatorINS_11__hash_nodeINS_17__hash_value_typeIPN6System7Typinfo9TTypeInfoEPSt9type_infoEEPvEEEEEC2B6v15007Ev CODE
 0001:00009090 0000001dH .text$_ZNSt3__122__compressed_pair_elemINS_22__unordered_map_hasherIPN6System7Typinfo9TTypeInfoENS_17__hash_value_typeIS5_PSt9type_infoEENS_4hashIS5_EENS_8equal_toIS5_EELb1EEELi1ELb1EEC2B6v15007ENS_18__default_init_tagE CODE
 0001:000090b0 00000007H .text$_ZNSt3__122__unordered_map_hasherIPN6System7Typinfo9TTypeInfoENS_17__hash_value_typeIS4_PSt9type_infoEENS_4hashIS4_EENS_8equal_toIS4_EELb1EEC2B6v15007Ev CODE
 0001:000090c0 00000023H .text$_ZNSt3__122__compressed_pair_elemIfLi0ELb0EEC2B6v15007IfvEEOT_ CODE
 0001:000090f0 0000001dH .text$_ZNSt3__122__compressed_pair_elemINS_21__unordered_map_equalIPN6System7Typinfo9TTypeInfoENS_17__hash_value_typeIS5_PSt9type_infoEENS_8equal_toIS5_EENS_4hashIS5_EELb1EEELi1ELb1EEC2B6v15007ENS_18__default_init_tagE CODE
 0001:00009110 00000007H .text$_ZNSt3__121__unordered_map_equalIPN6System7Typinfo9TTypeInfoENS_17__hash_value_typeIS4_PSt9type_infoEENS_8equal_toIS4_EENS_4hashIS4_EELb1EEC2B6v15007Ev CODE
 0001:00009120 00000051H .text$_ZNSt3__112__hash_tableINS_17__hash_value_typeIPN6System7Typinfo9TTypeInfoEPSt9type_infoEENS_22__unordered_map_hasherIS5_S8_NS_4hashIS5_EENS_8equal_toIS5_EELb1EEENS_21__unordered_map_equalIS5_S8_SD_SB_Lb1EEENS_9allocatorIS8_EEED2Ev CODE
 0001:00009180 000000adH .text$_ZNSt3__112__hash_tableINS_17__hash_value_typeIPN6System7Typinfo9TTypeInfoEPSt9type_infoEENS_22__unordered_map_hasherIS5_S8_NS_4hashIS5_EENS_8equal_toIS5_EELb1EEENS_21__unordered_map_equalIS5_S8_SD_SB_Lb1EEENS_9allocatorIS8_EEE17__deallocate_nodeEPNS_16__hash_node_baseIPNS_11__hash_nodeIS8_PvEEEE CODE
 0001:00009230 00000019H .text$_ZNSt3__117__compressed_pairINS_16__hash_node_baseIPNS_11__hash_nodeINS_17__hash_value_typeIPN6System7Typinfo9TTypeInfoEPSt9type_infoEEPvEEEENS_9allocatorISC_EEE5firstB6v15007Ev CODE
 0001:00009250 00000007H .text$_ZNSt3__118__debug_db_erase_cB6v15007INS_12__hash_tableINS_17__hash_value_typeIPN6System7Typinfo9TTypeInfoEPSt9type_infoEENS_22__unordered_map_hasherIS6_S9_NS_4hashIS6_EENS_8equal_toIS6_EELb1EEENS_21__unordered_map_equalIS6_S9_SE_SC_Lb1EEENS_9allocatorIS9_EEEEEEvPT_ CODE
 0001:00009260 0000001dH .text$_ZNSt3__110unique_ptrIA_PNS_16__hash_node_baseIPNS_11__hash_nodeINS_17__hash_value_typeIPN6System7Typinfo9TTypeInfoEPSt9type_infoEEPvEEEENS_25__bucket_list_deallocatorINS_9allocatorISF_EEEEED2B6v15007Ev CODE
 0001:00009280 0000001dH .text$_ZNSt3__112__hash_tableINS_17__hash_value_typeIPN6System7Typinfo9TTypeInfoEPSt9type_infoEENS_22__unordered_map_hasherIS5_S8_NS_4hashIS5_EENS_8equal_toIS5_EELb1EEENS_21__unordered_map_equalIS5_S8_SD_SB_Lb1EEENS_9allocatorIS8_EEE12__node_allocB6v15007Ev CODE
 0001:000092a0 00000019H .text$_ZNSt3__116__hash_node_baseIPNS_11__hash_nodeINS_17__hash_value_typeIPN6System7Typinfo9TTypeInfoEPSt9type_infoEEPvEEE8__upcastB6v15007Ev CODE
 0001:000092c0 00000012H .text$_ZNSt3__116allocator_traitsINS_9allocatorINS_11__hash_nodeINS_17__hash_value_typeIPN6System7Typinfo9TTypeInfoEPSt9type_infoEEPvEEEEE7destroyB6v15007INS_4pairIKS7_S9_EEvvEEvRSD_PT_ CODE
 0001:000092e0 00000019H .text$_ZNSt3__122__hash_key_value_typesINS_17__hash_value_typeIPN6System7Typinfo9TTypeInfoEPSt9type_infoEEE9__get_ptrB6v15007ERS8_ CODE
 0001:00009300 0000002dH .text$_ZNSt3__116allocator_traitsINS_9allocatorINS_11__hash_nodeINS_17__hash_value_typeIPN6System7Typinfo9TTypeInfoEPSt9type_infoEEPvEEEEE10deallocateB6v15007ERSD_PSC_y CODE
 0001:00009330 00000019H .text$_ZNSt3__117__compressed_pairINS_16__hash_node_baseIPNS_11__hash_nodeINS_17__hash_value_typeIPN6System7Typinfo9TTypeInfoEPSt9type_infoEEPvEEEENS_9allocatorISC_EEE6secondB6v15007Ev CODE
 0001:00009350 0000000bH .text$_ZNSt3__122__compressed_pair_elemINS_9allocatorINS_11__hash_nodeINS_17__hash_value_typeIPN6System7Typinfo9TTypeInfoEPSt9type_infoEEPvEEEELi1ELb1EE5__getB6v15007Ev CODE
 0001:00009360 0000000bH .text$_ZNSt3__114pointer_traitsIPNS_16__hash_node_baseIPNS_11__hash_nodeINS_17__hash_value_typeIPN6System7Typinfo9TTypeInfoEPSt9type_infoEEPvEEEEE10pointer_toB6v15007ERSE_ CODE
 0001:00009370 00000019H .text$_ZNSt3__117__hash_value_typeIPN6System7Typinfo9TTypeInfoEPSt9type_infoE11__get_valueB6v15007Ev CODE
 0001:00009390 00000019H .text$_ZNSt3__17launderB6v15007INS_4pairIKPN6System7Typinfo9TTypeInfoEPSt9type_infoEEEEPT_SB_ CODE
 0001:000093b0 0000000bH .text$_ZNSt3__19__launderB6v15007INS_4pairIKPN6System7Typinfo9TTypeInfoEPSt9type_infoEEEEPT_SB_ CODE
 0001:000093c0 0000003fH .text$_ZNSt3__19allocatorINS_11__hash_nodeINS_17__hash_value_typeIPN6System7Typinfo9TTypeInfoEPSt9type_infoEEPvEEE10deallocateB6v15007EPSB_y CODE
 0001:00009400 00000062H .text$_ZNSt3__119__libcpp_deallocateB6v15007EPvyy CODE
 0001:00009470 00000014H .text$_ZNSt3__124__is_overaligned_for_newB6v15007Ey CODE
 0001:00009490 00000028H .text$_ZNSt3__127__do_deallocate_handle_sizeB6v15007IJSt11align_val_tEEEvPvyDpT_ CODE
 0001:000094c0 0000001eH .text$_ZNSt3__127__do_deallocate_handle_sizeB6v15007IJEEEvPvyDpT_ CODE
 0001:000094e0 00000023H .text$_ZNSt3__124__libcpp_operator_deleteB6v15007IJPvSt11align_val_tEEEvDpT_ CODE
 0001:00009510 00000019H .text$_ZNSt3__124__libcpp_operator_deleteB6v15007IJPvEEEvDpT_ CODE
 0001:00009530 0000000bH .text$_ZNSt3__122__compressed_pair_elemINS_16__hash_node_baseIPNS_11__hash_nodeINS_17__hash_value_typeIPN6System7Typinfo9TTypeInfoEPSt9type_infoEEPvEEEELi0ELb0EE5__getB6v15007Ev CODE
 0001:00009540 0000005fH .text$_ZNSt3__110unique_ptrIA_PNS_16__hash_node_baseIPNS_11__hash_nodeINS_17__hash_value_typeIPN6System7Typinfo9TTypeInfoEPSt9type_infoEEPvEEEENS_25__bucket_list_deallocatorINS_9allocatorISF_EEEEE5resetB6v15007EDn CODE
 0001:000095a0 00000019H .text$_ZNSt3__117__compressed_pairIPPNS_16__hash_node_baseIPNS_11__hash_nodeINS_17__hash_value_typeIPN6System7Typinfo9TTypeInfoEPSt9type_infoEEPvEEEENS_25__bucket_list_deallocatorINS_9allocatorISF_EEEEE5firstB6v15007Ev CODE
 0001:000095c0 0000001dH .text$_ZNSt3__117__compressed_pairIPPNS_16__hash_node_baseIPNS_11__hash_nodeINS_17__hash_value_typeIPN6System7Typinfo9TTypeInfoEPSt9type_infoEEPvEEEENS_25__bucket_list_deallocatorINS_9allocatorISF_EEEEE6secondB6v15007Ev CODE
 0001:000095e0 0000004eH .text$_ZNSt3__125__bucket_list_deallocatorINS_9allocatorIPNS_16__hash_node_baseIPNS_11__hash_nodeINS_17__hash_value_typeIPN6System7Typinfo9TTypeInfoEPSt9type_infoEEPvEEEEEEEclB6v15007EPSG_ CODE
 0001:00009630 0000000bH .text$_ZNSt3__122__compressed_pair_elemIPPNS_16__hash_node_baseIPNS_11__hash_nodeINS_17__hash_value_typeIPN6System7Typinfo9TTypeInfoEPSt9type_infoEEPvEEEELi0ELb0EE5__getB6v15007Ev CODE
 0001:00009640 0000000bH .text$_ZNSt3__122__compressed_pair_elemINS_25__bucket_list_deallocatorINS_9allocatorIPNS_16__hash_node_baseIPNS_11__hash_nodeINS_17__hash_value_typeIPN6System7Typinfo9TTypeInfoEPSt9type_infoEEPvEEEEEEEELi1ELb0EE5__getB6v15007Ev CODE
 0001:00009650 0000002dH .text$_ZNSt3__116allocator_traitsINS_9allocatorIPNS_16__hash_node_baseIPNS_11__hash_nodeINS_17__hash_value_typeIPN6System7Typinfo9TTypeInfoEPSt9type_infoEEPvEEEEEEE10deallocateB6v15007ERSH_PSG_y CODE
 0001:00009680 00000019H .text$_ZNSt3__125__bucket_list_deallocatorINS_9allocatorIPNS_16__hash_node_baseIPNS_11__hash_nodeINS_17__hash_value_typeIPN6System7Typinfo9TTypeInfoEPSt9type_infoEEPvEEEEEEE7__allocB6v15007Ev CODE
 0001:000096a0 00000019H .text$_ZNSt3__125__bucket_list_deallocatorINS_9allocatorIPNS_16__hash_node_baseIPNS_11__hash_nodeINS_17__hash_value_typeIPN6System7Typinfo9TTypeInfoEPSt9type_infoEEPvEEEEEEE4sizeB6v15007Ev CODE
 0001:000096c0 0000003fH .text$_ZNSt3__19allocatorIPNS_16__hash_node_baseIPNS_11__hash_nodeINS_17__hash_value_typeIPN6System7Typinfo9TTypeInfoEPSt9type_infoEEPvEEEEE10deallocateB6v15007EPSF_y CODE
 0001:00009700 00000019H .text$_ZNSt3__117__compressed_pairIyNS_9allocatorIPNS_16__hash_node_baseIPNS_11__hash_nodeINS_17__hash_value_typeIPN6System7Typinfo9TTypeInfoEPSt9type_infoEEPvEEEEEEE6secondB6v15007Ev CODE
 0001:00009720 0000000bH .text$_ZNSt3__122__compressed_pair_elemINS_9allocatorIPNS_16__hash_node_baseIPNS_11__hash_nodeINS_17__hash_value_typeIPN6System7Typinfo9TTypeInfoEPSt9type_infoEEPvEEEEEELi1ELb1EE5__getB6v15007Ev CODE
 0001:00009730 00000019H .text$_ZNSt3__117__compressed_pairIyNS_9allocatorIPNS_16__hash_node_baseIPNS_11__hash_nodeINS_17__hash_value_typeIPN6System7Typinfo9TTypeInfoEPSt9type_infoEEPvEEEEEEE5firstB6v15007Ev CODE
 0001:00009750 0000000bH .text$_ZNSt3__122__compressed_pair_elemIyLi0ELb0EE5__getB6v15007Ev CODE
 0001:00009760 0000076cH .text$_ZNSt3__112__hash_tableINS_17__hash_value_typeIPN6System7Typinfo9TTypeInfoEPSt9type_infoEENS_22__unordered_map_hasherIS5_S8_NS_4hashIS5_EENS_8equal_toIS5_EELb1EEENS_21__unordered_map_equalIS5_S8_SD_SB_Lb1EEENS_9allocatorIS8_EEE25__emplace_unique_key_argsIS5_JRKNS_21piecewise_construct_tENS_5tupleIJRKS5_EEENSO_IJEEEEEENS_4pairINS_15__hash_iteratorIPNS_11__hash_nodeIS8_PvEEEEbEERKT_DpOT0_ CODE
 0001:00009ed0 00000022H .text$_ZNSt3__116forward_as_tupleB6v15007IJRKPN6System7Typinfo9TTypeInfoEEEENS_5tupleIJDpOT_EEESA_ CODE
 0001:00009f00 00000006H .text$_ZNSt3__116forward_as_tupleB6v15007IJEEENS_5tupleIJDpOT_EEES4_ CODE
 0001:00009f10 00000028H .text$_ZNKSt3__115__hash_iteratorIPNS_11__hash_nodeINS_17__hash_value_typeIPN6System7Typinfo9TTypeInfoEPSt9type_infoEEPvEEEptB6v15007Ev CODE
 0001:00009f40 0000001dH .text$_ZNSt3__112__hash_tableINS_17__hash_value_typeIPN6System7Typinfo9TTypeInfoEPSt9type_infoEENS_22__unordered_map_hasherIS5_S8_NS_4hashIS5_EENS_8equal_toIS5_EELb1EEENS_21__unordered_map_equalIS5_S8_SD_SB_Lb1EEENS_9allocatorIS8_EEE13hash_functionB6v15007Ev CODE
 0001:00009f60 00000026H .text$_ZNKSt3__122__unordered_map_hasherIPN6System7Typinfo9TTypeInfoENS_17__hash_value_typeIS4_PSt9type_infoEENS_4hashIS4_EENS_8equal_toIS4_EELb1EEclB6v15007ERKS4_ CODE
 0001:00009f90 00000021H .text$_ZNKSt3__112__hash_tableINS_17__hash_value_typeIPN6System7Typinfo9TTypeInfoEPSt9type_infoEENS_22__unordered_map_hasherIS5_S8_NS_4hashIS5_EENS_8equal_toIS5_EELb1EEENS_21__unordered_map_equalIS5_S8_SD_SB_Lb1EEENS_9allocatorIS8_EEE12bucket_countB6v15007Ev CODE
 0001:00009fc0 00000087H .text$_ZNSt3__116__constrain_hashB6v15007Eyy CODE
 0001:0000a050 0000002cH .text$_ZNKSt3__110unique_ptrIA_PNS_16__hash_node_baseIPNS_11__hash_nodeINS_17__hash_value_typeIPN6System7Typinfo9TTypeInfoEPSt9type_infoEEPvEEEENS_25__bucket_list_deallocatorINS_9allocatorISF_EEEEEixB6v15007Ey CODE
 0001:0000a080 0000000fH .text$_ZNKSt3__116__hash_node_baseIPNS_11__hash_nodeINS_17__hash_value_typeIPN6System7Typinfo9TTypeInfoEPSt9type_infoEEPvEEE6__hashB6v15007Ev CODE
 0001:0000a090 0000001dH .text$_ZNSt3__112__hash_tableINS_17__hash_value_typeIPN6System7Typinfo9TTypeInfoEPSt9type_infoEENS_22__unordered_map_hasherIS5_S8_NS_4hashIS5_EENS_8equal_toIS5_EELb1EEENS_21__unordered_map_equalIS5_S8_SD_SB_Lb1EEENS_9allocatorIS8_EEE6key_eqB6v15007Ev CODE
 0001:0000a0b0 00000043H .text$_ZNKSt3__121__unordered_map_equalIPN6System7Typinfo9TTypeInfoENS_17__hash_value_typeIS4_PSt9type_infoEENS_8equal_toIS4_EENS_4hashIS4_EELb1EEclB6v15007ERKS8_RKS4_ CODE
 0001:0000a100 000001a9H .text$_ZNSt3__112__hash_tableINS_17__hash_value_typeIPN6System7Typinfo9TTypeInfoEPSt9type_infoEENS_22__unordered_map_hasherIS5_S8_NS_4hashIS5_EENS_8equal_toIS5_EELb1EEENS_21__unordered_map_equalIS5_S8_SD_SB_Lb1EEENS_9allocatorIS8_EEE21__construct_node_hashIRKNS_21piecewise_construct_tEJNS_5tupleIJRKS5_EEENSO_IJEEEEEENS_10unique_ptrINS_11__hash_nodeIS8_PvEENS_22__hash_node_destructorINSH_ISW_EEEEEEyOT_DpOT0_ CODE
 0001:0000a2b0 0000001dH .text$_ZNSt3__112__hash_tableINS_17__hash_value_typeIPN6System7Typinfo9TTypeInfoEPSt9type_infoEENS_22__unordered_map_hasherIS5_S8_NS_4hashIS5_EENS_8equal_toIS5_EELb1EEENS_21__unordered_map_equalIS5_S8_SD_SB_Lb1EEENS_9allocatorIS8_EEE4sizeB6v15007Ev CODE
 0001:0000a2d0 0000001dH .text$_ZNSt3__112__hash_tableINS_17__hash_value_typeIPN6System7Typinfo9TTypeInfoEPSt9type_infoEENS_22__unordered_map_hasherIS5_S8_NS_4hashIS5_EENS_8equal_toIS5_EELb1EEENS_21__unordered_map_equalIS5_S8_SD_SB_Lb1EEENS_9allocatorIS8_EEE15max_load_factorB6v15007Ev CODE
 0001:0000a2f0 00000023H .text$_ZNSt3__112__hash_tableINS_17__hash_value_typeIPN6System7Typinfo9TTypeInfoEPSt9type_infoEENS_22__unordered_map_hasherIS5_S8_NS_4hashIS5_EENS_8equal_toIS5_EELb1EEENS_21__unordered_map_equalIS5_S8_SD_SB_Lb1EEENS_9allocatorIS8_EEE15__rehash_uniqueB6v15007Ey CODE
 0001:0000a320 00000028H .text$_ZNSt3__13maxB6v15007IyEERKT_S3_S3_ CODE
 0001:0000a350 00000047H .text$_ZNSt3__116__is_hash_power2B6v15007Ey CODE
 0001:0000a3a0 0000001bH .text$_Z4ceilB6v15007f  CODE
 0001:0000a3c0 00000019H .text$_ZNSt3__116__hash_node_baseIPNS_11__hash_nodeINS_17__hash_value_typeIPN6System7Typinfo9TTypeInfoEPSt9type_infoEEPvEEE5__ptrB6v15007Ev CODE
 0001:0000a3e0 0000001bH .text$_ZNKSt3__110unique_ptrINS_11__hash_nodeINS_17__hash_value_typeIPN6System7Typinfo9TTypeInfoEPSt9type_infoEEPvEENS_22__hash_node_destructorINS_9allocatorISB_EEEEEptB6v15007Ev CODE
 0001:0000a400 0000001bH .text$_ZNKSt3__110unique_ptrINS_11__hash_nodeINS_17__hash_value_typeIPN6System7Typinfo9TTypeInfoEPSt9type_infoEEPvEENS_22__hash_node_destructorINS_9allocatorISB_EEEEE3getB6v15007Ev CODE
 0001:0000a420 0000003bH .text$_ZNSt3__110unique_ptrINS_11__hash_nodeINS_17__hash_value_typeIPN6System7Typinfo9TTypeInfoEPSt9type_infoEEPvEENS_22__hash_node_destructorINS_9allocatorISB_EEEEE7releaseB6v15007Ev CODE
 0001:0000a460 0000001dH .text$_ZNSt3__110unique_ptrINS_11__hash_nodeINS_17__hash_value_typeIPN6System7Typinfo9TTypeInfoEPSt9type_infoEEPvEENS_22__hash_node_destructorINS_9allocatorISB_EEEEED2B6v15007Ev CODE
 0001:0000a480 00000024H .text$_ZNSt3__115__hash_iteratorIPNS_11__hash_nodeINS_17__hash_value_typeIPN6System7Typinfo9TTypeInfoEPSt9type_infoEEPvEEEC2B6v15007EPNS_16__hash_node_baseISC_EEPKv CODE
 0001:0000a4b0 00000033H .text$_ZNSt3__14pairINS_15__hash_iteratorIPNS_11__hash_nodeINS_17__hash_value_typeIPN6System7Typinfo9TTypeInfoEPSt9type_infoEEPvEEEEbEC2B6v15007ISE_RbLSB_0EEEOT_OT0_ CODE
 0001:0000a4f0 00000019H .text$_ZNSt3__117__compressed_pairIyNS_22__unordered_map_hasherIPN6System7Typinfo9TTypeInfoENS_17__hash_value_typeIS5_PSt9type_infoEENS_4hashIS5_EENS_8equal_toIS5_EELb1EEEE6secondB6v15007Ev CODE
 0001:0000a510 0000000bH .text$_ZNSt3__122__compressed_pair_elemINS_22__unordered_map_hasherIPN6System7Typinfo9TTypeInfoENS_17__hash_value_typeIS5_PSt9type_infoEENS_4hashIS5_EENS_8equal_toIS5_EELb1EEELi1ELb1EE5__getB6v15007Ev CODE
 0001:0000a520 0000004aH .text$_ZNKSt3__14hashIPN6System7Typinfo9TTypeInfoEEclB6v15007ES4_ CODE
 0001:0000a570 00000501H .text$_ZNSt3__121__murmur2_or_cityhashIyLy64EEclEPKvy CODE
 0001:0000aa80 0000019dH .text$_ZNSt3__121__murmur2_or_cityhashIyLy64EE18__hash_len_0_to_16EPKcy CODE
 0001:0000ac20 0000010cH .text$_ZNSt3__121__murmur2_or_cityhashIyLy64EE19__hash_len_17_to_32EPKcy CODE
 0001:0000ad30 00000339H .text$_ZNSt3__121__murmur2_or_cityhashIyLy64EE19__hash_len_33_to_64EPKcy CODE
 0001:0000b070 0000001eH .text$_ZNSt3__110__loadwordB6v15007IyEET_PKv CODE
 0001:0000b090 00000095H .text$_ZNSt3__121__murmur2_or_cityhashIyLy64EE13__hash_len_16Eyy CODE
 0001:0000b130 000000b0H .text$_ZNSt3__121__murmur2_or_cityhashIyLy64EE29__weak_hash_len_32_with_seedsEPKcyy CODE
 0001:0000b1e0 00000058H .text$_ZNSt3__121__murmur2_or_cityhashIyLy64EE8__rotateEyi CODE
 0001:0000b240 0000002dH .text$_ZNSt3__14pairIyyEaSB6v15007EOS1_ CODE
 0001:0000b270 0000003bH .text$_ZNSt3__14swapB6v15007IyEENS_9enable_ifIXaasr21is_move_constructibleIT_EE5valuesr18is_move_assignableIS2_EE5valueEvE4typeERS2_S5_ CODE
 0001:0000b2b0 00000016H .text$_ZNSt3__121__murmur2_or_cityhashIyLy64EE11__shift_mixEy CODE
 0001:0000b2d0 00000037H .text$_ZNSt3__121__murmur2_or_cityhashIyLy64EE22__rotate_by_at_least_1Eyi CODE
 0001:0000b310 0000001dH .text$_ZNSt3__110__loadwordB6v15007IjEET_PKv CODE
 0001:0000b330 0000011aH .text$_ZNSt3__121__murmur2_or_cityhashIyLy64EE29__weak_hash_len_32_with_seedsEyyyyyy CODE
 0001:0000b450 00000032H .text$_ZNSt3__14pairIyyEC2B6v15007IyyLPv0EEEOT_OT0_ CODE
 0001:0000b490 00000019H .text$_ZNKSt3__110unique_ptrIA_PNS_16__hash_node_baseIPNS_11__hash_nodeINS_17__hash_value_typeIPN6System7Typinfo9TTypeInfoEPSt9type_infoEEPvEEEENS_25__bucket_list_deallocatorINS_9allocatorISF_EEEEE11get_deleterB6v15007Ev CODE
 0001:0000b4b0 0000001bH .text$_ZNKSt3__125__bucket_list_deallocatorINS_9allocatorIPNS_16__hash_node_baseIPNS_11__hash_nodeINS_17__hash_value_typeIPN6System7Typinfo9TTypeInfoEPSt9type_infoEEPvEEEEEEE4sizeB6v15007Ev CODE
 0001:0000b4d0 0000001dH .text$_ZNKSt3__117__compressed_pairIPPNS_16__hash_node_baseIPNS_11__hash_nodeINS_17__hash_value_typeIPN6System7Typinfo9TTypeInfoEPSt9type_infoEEPvEEEENS_25__bucket_list_deallocatorINS_9allocatorISF_EEEEE6secondB6v15007Ev CODE
 0001:0000b4f0 0000000bH .text$_ZNKSt3__122__compressed_pair_elemINS_25__bucket_list_deallocatorINS_9allocatorIPNS_16__hash_node_baseIPNS_11__hash_nodeINS_17__hash_value_typeIPN6System7Typinfo9TTypeInfoEPSt9type_infoEEPvEEEEEEEELi1ELb0EE5__getB6v15007Ev CODE
 0001:0000b500 00000019H .text$_ZNKSt3__117__compressed_pairIyNS_9allocatorIPNS_16__hash_node_baseIPNS_11__hash_nodeINS_17__hash_value_typeIPN6System7Typinfo9TTypeInfoEPSt9type_infoEEPvEEEEEEE5firstB6v15007Ev CODE
 0001:0000b520 0000000bH .text$_ZNKSt3__122__compressed_pair_elemIyLi0ELb0EE5__getB6v15007Ev CODE
 0001:0000b530 00000019H .text$_ZNKSt3__117__compressed_pairIPPNS_16__hash_node_baseIPNS_11__hash_nodeINS_17__hash_value_typeIPN6System7Typinfo9TTypeInfoEPSt9type_infoEEPvEEEENS_25__bucket_list_deallocatorINS_9allocatorISF_EEEEE5firstB6v15007Ev CODE
 0001:0000b550 0000000bH .text$_ZNKSt3__122__compressed_pair_elemIPPNS_16__hash_node_baseIPNS_11__hash_nodeINS_17__hash_value_typeIPN6System7Typinfo9TTypeInfoEPSt9type_infoEEPvEEEELi0ELb0EE5__getB6v15007Ev CODE
 0001:0000b560 00000019H .text$_ZNSt3__117__compressed_pairIfNS_21__unordered_map_equalIPN6System7Typinfo9TTypeInfoENS_17__hash_value_typeIS5_PSt9type_infoEENS_8equal_toIS5_EENS_4hashIS5_EELb1EEEE6secondB6v15007Ev CODE
 0001:0000b580 0000000bH .text$_ZNSt3__122__compressed_pair_elemINS_21__unordered_map_equalIPN6System7Typinfo9TTypeInfoENS_17__hash_value_typeIS5_PSt9type_infoEENS_8equal_toIS5_EENS_4hashIS5_EELb1EEELi1ELb1EE5__getB6v15007Ev CODE
 0001:0000b590 0000002eH .text$_ZNKSt3__18equal_toIPN6System7Typinfo9TTypeInfoEEclB6v15007ERKS4_S7_ CODE
 0001:0000b5c0 00000019H .text$_ZNKSt3__117__hash_value_typeIPN6System7Typinfo9TTypeInfoEPSt9type_infoE11__get_valueB6v15007Ev CODE
 0001:0000b5e0 00000019H .text$_ZNSt3__17launderB6v15007IKNS_4pairIKPN6System7Typinfo9TTypeInfoEPSt9type_infoEEEEPT_SC_ CODE
 0001:0000b600 0000000bH .text$_ZNSt3__19__launderB6v15007IKNS_4pairIKPN6System7Typinfo9TTypeInfoEPSt9type_infoEEEEPT_SC_ CODE
 0001:0000b610 00000023H .text$_ZNSt3__116allocator_traitsINS_9allocatorINS_11__hash_nodeINS_17__hash_value_typeIPN6System7Typinfo9TTypeInfoEPSt9type_infoEEPvEEEEE8allocateB6v15007ERSD_y CODE
 0001:0000b640 00000033H .text$_ZNSt3__122__hash_node_destructorINS_9allocatorINS_11__hash_nodeINS_17__hash_value_typeIPN6System7Typinfo9TTypeInfoEPSt9type_infoEEPvEEEEEC2B6v15007ERSD_b CODE
 0001:0000b680 0000003aH .text$_ZNSt3__110unique_ptrINS_11__hash_nodeINS_17__hash_value_typeIPN6System7Typinfo9TTypeInfoEPSt9type_infoEEPvEENS_22__hash_node_destructorINS_9allocatorISB_EEEEEC2B6v15007ILb1EvEEPSB_NS_16__dependent_typeINS_27__unique_ptr_deleter_sfinaeISF_EEXT_EE20__good_rval_ref_typeE CODE
 0001:0000b6c0 00000046H .text$_ZNSt3__116allocator_traitsINS_9allocatorINS_11__hash_nodeINS_17__hash_value_typeIPN6System7Typinfo9TTypeInfoEPSt9type_infoEEPvEEEEE9constructB6v15007INS_4pairIKS7_S9_EEJRKNS_21piecewise_construct_tENS_5tupleIJRSH_EEENSM_IJEEEEvEEvRSD_PT_DpOT0_ CODE
 0001:0000b710 00000019H .text$_ZNSt3__110unique_ptrINS_11__hash_nodeINS_17__hash_value_typeIPN6System7Typinfo9TTypeInfoEPSt9type_infoEEPvEENS_22__hash_node_destructorINS_9allocatorISB_EEEEE11get_deleterB6v15007Ev CODE
 0001:0000b730 00000051H .text$_ZNSt3__19allocatorINS_11__hash_nodeINS_17__hash_value_typeIPN6System7Typinfo9TTypeInfoEPSt9type_infoEEPvEEE8allocateB6v15007Ey CODE
 0001:0000b790 00000019H .text$_ZNSt3__116allocator_traitsINS_9allocatorINS_11__hash_nodeINS_17__hash_value_typeIPN6System7Typinfo9TTypeInfoEPSt9type_infoEEPvEEEEE8max_sizeB6v15007ISD_vEEyRKSD_ CODE
 0001:0000b7b0 00000034H .text$_ZSt28__throw_bad_array_new_lengthB6v15007v CODE
 0001:0000b7f0 00000061H .text$_ZNSt3__117__libcpp_allocateB6v15007Eyy CODE
 0001:0000b860 00000011H .text$_ZNKSt3__19allocatorINS_11__hash_nodeINS_17__hash_value_typeIPN6System7Typinfo9TTypeInfoEPSt9type_infoEEPvEEE8max_sizeB6v15007Ev CODE
 0001:0000b880 00000023H .text$_ZNSt3__121__libcpp_operator_newB6v15007IJySt11align_val_tEEEPvDpT_ CODE
 0001:0000b8b0 00000019H .text$_ZNSt3__121__libcpp_operator_newB6v15007IJyEEEPvDpT_ CODE
 0001:0000b8d0 00000040H .text$_ZNSt3__117__compressed_pairIPNS_11__hash_nodeINS_17__hash_value_typeIPN6System7Typinfo9TTypeInfoEPSt9type_infoEEPvEENS_22__hash_node_destructorINS_9allocatorISB_EEEEEC2B6v15007IRSC_SG_EEOT_OT0_ CODE
 0001:0000b910 00000021H .text$_ZNSt3__122__compressed_pair_elemIPNS_11__hash_nodeINS_17__hash_value_typeIPN6System7Typinfo9TTypeInfoEPSt9type_infoEEPvEELi0ELb0EEC2B6v15007IRSC_vEEOT_ CODE
 0001:0000b940 00000029H .text$_ZNSt3__122__compressed_pair_elemINS_22__hash_node_destructorINS_9allocatorINS_11__hash_nodeINS_17__hash_value_typeIPN6System7Typinfo9TTypeInfoEPSt9type_infoEEPvEEEEEELi1ELb0EEC2B6v15007ISF_vEEOT_ CODE
 0001:0000b970 0000004bH .text$_ZNSt3__19allocatorINS_11__hash_nodeINS_17__hash_value_typeIPN6System7Typinfo9TTypeInfoEPSt9type_infoEEPvEEE9constructB6v15007INS_4pairIKS6_S8_EEJRKNS_21piecewise_construct_tENS_5tupleIJRSF_EEENSK_IJEEEEEEvPT_DpOT0_ CODE
 0001:0000b9c0 00000057H .text$_ZNSt3__14pairIKPN6System7Typinfo9TTypeInfoEPSt9type_infoEC2B6v15007IJRS5_EJEEENS_21piecewise_construct_tENS_5tupleIJDpT_EEENSC_IJDpT0_EEE CODE
 0001:0000ba20 00000060H .text$_ZNSt3__14pairIKPN6System7Typinfo9TTypeInfoEPSt9type_infoEC2B6v15007IJRS5_EJEJLy0EEJEEENS_21piecewise_construct_tERNS_5tupleIJDpT_EEERNSC_IJDpT0_EEENS_15__tuple_indicesIJXspT1_EEEENSL_IJXspT2_EEEE CODE
 0001:0000ba80 00000019H .text$_ZNSt3__13getB6v15007ILy0EJRKPN6System7Typinfo9TTypeInfoEEEERNS_13tuple_elementIXT_ENS_5tupleIJDpT0_EEEE4typeERSB_ CODE
 0001:0000baa0 0000000eH .text$_ZNSt3__112__tuple_leafILy0ERKPN6System7Typinfo9TTypeInfoELb0EE3getB6v15007Ev CODE
 0001:0000bab0 0000001dH .text$_ZNSt3__117__compressed_pairIPNS_11__hash_nodeINS_17__hash_value_typeIPN6System7Typinfo9TTypeInfoEPSt9type_infoEEPvEENS_22__hash_node_destructorINS_9allocatorISB_EEEEE6secondB6v15007Ev CODE
 0001:0000bad0 0000000bH .text$_ZNSt3__122__compressed_pair_elemINS_22__hash_node_destructorINS_9allocatorINS_11__hash_nodeINS_17__hash_value_typeIPN6System7Typinfo9TTypeInfoEPSt9type_infoEEPvEEEEEELi1ELb0EE5__getB6v15007Ev CODE
 0001:0000bae0 00000019H .text$_ZNSt3__117__compressed_pairIyNS_22__unordered_map_hasherIPN6System7Typinfo9TTypeInfoENS_17__hash_value_typeIS5_PSt9type_infoEENS_4hashIS5_EENS_8equal_toIS5_EELb1EEEE5firstB6v15007Ev CODE
 0001:0000bb00 00000019H .text$_ZNSt3__117__compressed_pairIfNS_21__unordered_map_equalIPN6System7Typinfo9TTypeInfoENS_17__hash_value_typeIS5_PSt9type_infoEENS_8equal_toIS5_EENS_4hashIS5_EELb1EEEE5firstB6v15007Ev CODE
 0001:0000bb20 0000000bH .text$_ZNSt3__122__compressed_pair_elemIfLi0ELb0EE5__getB6v15007Ev CODE
 0001:0000bb30 00000255H .text$_ZNSt3__112__hash_tableINS_17__hash_value_typeIPN6System7Typinfo9TTypeInfoEPSt9type_infoEENS_22__unordered_map_hasherIS5_S8_NS_4hashIS5_EENS_8equal_toIS5_EELb1EEENS_21__unordered_map_equalIS5_S8_SD_SB_Lb1EEENS_9allocatorIS8_EEE8__rehashILb1EEEvy CODE
 0001:0000bd90 000002c2H .text$_ZNSt3__112__hash_tableINS_17__hash_value_typeIPN6System7Typinfo9TTypeInfoEPSt9type_infoEENS_22__unordered_map_hasherIS5_S8_NS_4hashIS5_EENS_8equal_toIS5_EELb1EEENS_21__unordered_map_equalIS5_S8_SD_SB_Lb1EEENS_9allocatorIS8_EEE11__do_rehashILb1EEEvy CODE
 0001:0000c060 00000056H .text$_ZNSt3__116__next_hash_pow2B6v15007Ey CODE
 0001:0000c0c0 00000007H .text$_ZNSt3__125__debug_db_invalidate_allB6v15007INS_12__hash_tableINS_17__hash_value_typeIPN6System7Typinfo9TTypeInfoEPSt9type_infoEENS_22__unordered_map_hasherIS6_S9_NS_4hashIS6_EENS_8equal_toIS6_EELb1EEENS_21__unordered_map_equalIS6_S9_SE_SC_Lb1EEENS_9allocatorIS9_EEEEEEvPT_ CODE
 0001:0000c0d0 00000019H .text$_ZNSt3__110unique_ptrIA_PNS_16__hash_node_baseIPNS_11__hash_nodeINS_17__hash_value_typeIPN6System7Typinfo9TTypeInfoEPSt9type_infoEEPvEEEENS_25__bucket_list_deallocatorINS_9allocatorISF_EEEEE11get_deleterB6v15007Ev CODE
 0001:0000c0f0 0000006aH .text$_ZNSt3__110unique_ptrIA_PNS_16__hash_node_baseIPNS_11__hash_nodeINS_17__hash_value_typeIPN6System7Typinfo9TTypeInfoEPSt9type_infoEEPvEEEENS_25__bucket_list_deallocatorINS_9allocatorISF_EEEEE5resetB6v15007IPSF_EENS_9enable_ifIXsr28_CheckArrayPointerConversionIT_EE5valueEvE4typeESP_ CODE
 0001:0000c160 00000023H .text$_ZNSt3__116allocator_traitsINS_9allocatorIPNS_16__hash_node_baseIPNS_11__hash_nodeINS_17__hash_value_typeIPN6System7Typinfo9TTypeInfoEPSt9type_infoEEPvEEEEEEE8allocateB6v15007ERSH_y CODE
 0001:0000c190 00000051H .text$_ZNSt3__19allocatorIPNS_16__hash_node_baseIPNS_11__hash_nodeINS_17__hash_value_typeIPN6System7Typinfo9TTypeInfoEPSt9type_infoEEPvEEEEE8allocateB6v15007Ey CODE
 0001:0000c1f0 00000019H .text$_ZNSt3__116allocator_traitsINS_9allocatorIPNS_16__hash_node_baseIPNS_11__hash_nodeINS_17__hash_value_typeIPN6System7Typinfo9TTypeInfoEPSt9type_infoEEPvEEEEEEE8max_sizeB6v15007ISH_vEEyRKSH_ CODE
 0001:0000c210 00000011H .text$_ZNKSt3__19allocatorIPNS_16__hash_node_baseIPNS_11__hash_nodeINS_17__hash_value_typeIPN6System7Typinfo9TTypeInfoEPSt9type_infoEEPvEEEEE8max_sizeB6v15007Ev CODE
 0001:0000c230 00000013H .text$_ZNSt3__112__libcpp_clzB6v15007Ey CODE
 0001:0000c250 00000057H .text$_ZNSt3__13maxB6v15007IyNS_6__lessIyyEEEERKT_S5_S5_T0_ CODE
 0001:0000c2b0 0000002eH .text$_ZNKSt3__16__lessIyyEclB6v15007ERKyS3_ CODE
 0001:0000c2e0 00000019H .text$_ZNKSt3__117__compressed_pairIPNS_11__hash_nodeINS_17__hash_value_typeIPN6System7Typinfo9TTypeInfoEPSt9type_infoEEPvEENS_22__hash_node_destructorINS_9allocatorISB_EEEEE5firstB6v15007Ev CODE
 0001:0000c300 0000000bH .text$_ZNKSt3__122__compressed_pair_elemIPNS_11__hash_nodeINS_17__hash_value_typeIPN6System7Typinfo9TTypeInfoEPSt9type_infoEEPvEELi0ELb0EE5__getB6v15007Ev CODE
 0001:0000c310 00000019H .text$_ZNSt3__117__compressed_pairIPNS_11__hash_nodeINS_17__hash_value_typeIPN6System7Typinfo9TTypeInfoEPSt9type_infoEEPvEENS_22__hash_node_destructorINS_9allocatorISB_EEEEE5firstB6v15007Ev CODE
 0001:0000c330 0000000bH .text$_ZNSt3__122__compressed_pair_elemIPNS_11__hash_nodeINS_17__hash_value_typeIPN6System7Typinfo9TTypeInfoEPSt9type_infoEEPvEELi0ELb0EE5__getB6v15007Ev CODE
 0001:0000c340 0000006aH .text$_ZNSt3__110unique_ptrINS_11__hash_nodeINS_17__hash_value_typeIPN6System7Typinfo9TTypeInfoEPSt9type_infoEEPvEENS_22__hash_node_destructorINS_9allocatorISB_EEEEE5resetB6v15007EPSB_ CODE
 0001:0000c3b0 00000089H .text$_ZNSt3__122__hash_node_destructorINS_9allocatorINS_11__hash_nodeINS_17__hash_value_typeIPN6System7Typinfo9TTypeInfoEPSt9type_infoEEPvEEEEEclB6v15007EPSC_ CODE
 0001:0000c440 00000040H .text$_ZNSt3__15tupleIJRKPN6System7Typinfo9TTypeInfoEEEC2B6v15007INS_4_AndELi0EEES6_ CODE
 0001:0000c480 00000039H .text$_ZNSt3__112__tuple_implINS_15__tuple_indicesIJLy0EEEEJRKPN6System7Typinfo9TTypeInfoEEEC2B6v15007IJLy0EEJS8_EJEJEJS8_EEENS1_IJXspT_EEEENS_13__tuple_typesIJDpT0_EEENS1_IJXspT1_EEEENSC_IJDpT2_EEEDpOT3_ CODE
 0001:0000c4c0 0000001eH .text$_ZNSt3__112__tuple_leafILy0ERKPN6System7Typinfo9TTypeInfoELb0EEC2B6v15007IS6_vEEOT_ CODE
 0001:0000c4e0 0000000bH .text$_ZNSt3__114pointer_traitsIPNS_17__hash_value_typeIPN6System7Typinfo9TTypeInfoEPSt9type_infoEEE10pointer_toB6v15007ERS8_ CODE
 0001:0000c4f0 00002dd6H .text                   CODE
 0001:0000f2d0 0000005bH .text$_ZN6System8_CharLenIwEEiPKT_ CODE
 0001:0000f330 0000005bH .text$_ZN6System8_CharLenIDsEEiPKT_ CODE
 0001:0000f390 00000023H .text$_ZN6System14AnsiStringBaseC2ILt0EEEONS_11AnsiStringTIXT_EEE CODE
 0001:0000f3c0 0000004dH .text$_ZNK6System14AnsiStringBase8CodePageEv CODE
 0001:0000f410 0000003aH .text$_ZNK6System14AnsiStringBaseixEi CODE
 0001:0000f450 00000a7cH .text                   CODE
 0002:00000000 00000008H .rdata$.refptr._MINGW_INSTALL_DEBUG_MATHERR DATA
 0002:00000008 00000008H .rdata$.refptr.__dyn_tls_init_callback DATA
 0002:00000010 00000008H .rdata$.refptr.__globallocalestatus DATA
 0002:00000018 00000008H .rdata$.refptr.__image_base__ DATA
 0002:00000020 00000008H .rdata$.refptr.__imp___winitenv DATA
 0002:00000028 00000008H .rdata$.refptr.__mingw_app_type DATA
 0002:00000030 00000008H .rdata$.refptr.__mingw_initltsdrot_force DATA
 0002:00000038 00000008H .rdata$.refptr.__mingw_initltsdyn_force DATA
 0002:00000040 00000008H .rdata$.refptr.__mingw_initltssuo_force DATA
 0002:00000048 00000008H .rdata$.refptr.__mingw_oldexcpt_handler DATA
 0002:00000050 00000008H .rdata$.refptr.__native_startup_lock DATA
 0002:00000058 00000008H .rdata$.refptr.__native_startup_state DATA
 0002:00000060 00000008H .rdata$.refptr.__xc_a   DATA
 0002:00000068 00000008H .rdata$.refptr.__xc_z   DATA
 0002:00000070 00000008H .rdata$.refptr.__xi_a   DATA
 0002:00000078 00000008H .rdata$.refptr.__xi_z   DATA
 0002:00000080 00000008H .rdata$.refptr._commode DATA
 0002:00000088 00000008H .rdata$.refptr._dowildcard DATA
 0002:00000090 00000008H .rdata$.refptr._fmode   DATA
 0002:00000098 00000008H .rdata$.refptr._hInstance DATA
 0002:000000a0 00000008H .rdata$.refptr._newmode DATA
 0002:000000a8 000059e9H .rdata                  DATA
 0002:00005a98 00000008H .rdata$.refptr.Form1    DATA
 0002:00005aa0 00000008H .rdata$.refptr._ZTRN6System8Sysutils9ExceptionE DATA
 0002:00005aa8 00000008H .rdata$.refptr._ZTV6TForm1 DATA
 0002:00005ab0 00000008H .rdata$.refptr._ZTVN6System8Sysutils9ExceptionE DATA
 0002:00005ac0 00000493H .rdata                  DATA
 0002:00005f60 00000032H .rdata$_ZTR6TForm1      DATA
 0002:00005f92 00000012H .rdata                  DATA
 0002:00005fa8 00000008H .rdata$.refptr.__imp__tzset DATA
 0002:00005fb0 00000008H .rdata$.refptr.__mingw_module_is_dll DATA
 0002:00005fb8 00000008H .rdata$.refptr.__CTOR_LIST__ DATA
 0002:00005fc0 00000038H .rdata                  DATA
 0002:00005ff8 00000008H .rdata$.refptr._CRT_MT  DATA
 0002:00006000 00000255H .rdata                  DATA
 0002:00006258 00000008H .rdata$.refptr.__RUNTIME_PSEUDO_RELOC_LIST_END__ DATA
 0002:00006260 00000008H .rdata$.refptr.__RUNTIME_PSEUDO_RELOC_LIST__ DATA
 0002:00006268 00000008H .rdata$.refptr._ZN6System10_init_instE DATA
 0002:00006270 00000008H .rdata$.refptr._ZTRN6System8Sysutils11ERangeErrorE DATA
 0002:00006278 00000008H .rdata$.refptr._ZTVN6System8Sysutils11ERangeErrorE DATA
 0002:00006280 000001b2H .rdata                  DATA
 0002:00006432 00000019H .rdata$_ZTSSt20bad_array_new_length DATA
 0002:0000644b 0000000dH .rdata$_ZTSSt9bad_alloc DATA
 0002:00006458 0000000dH .rdata$_ZTSSt9exception DATA
 0002:00006468 00000010H .rdata$_ZTISt9exception DATA
 0002:00006478 00000018H .rdata$_ZTISt9bad_alloc DATA
 0002:00006490 00000018H .rdata$_ZTISt20bad_array_new_length DATA
 0002:000064a8 0000006dH .rdata                  DATA
 0002:00006518 00000008H .rdata$.refptr.__EMBT_INIT_LIST_BEGIN__ DATA
 0002:00006520 00000008H .rdata$.refptr.__EMBT_INIT_LIST_END__ DATA
 0002:00006528 00000008H .rdata$.refptr.__isDLL  DATA
 0002:00006530 00000008H .rdata$.refptr.__isGUI  DATA
 0002:00006538 00000008H .rdata$.refptr.__isVCLPackage DATA
 0002:00006540 000003a0H .rdata                  DATA
 0002:00006958 00000008H .CRT$XCA                DATA
 0002:00006960 00000008H .CRT$XCAA               DATA
 0002:00006968 00000008H .CRT$XCZ                DATA
 0002:00006970 00000008H .CRT$XDA                DATA
 0002:00006978 00000008H .CRT$XDZ                DATA
 0002:00006980 00000008H .CRT$XIA                DATA
 0002:00006988 00000008H .CRT$XIAA               DATA
 0002:00006990 00000008H .CRT$XIZ                DATA
 0002:00006998 00000008H .CRT$XLA                DATA
 0002:000069a0 00000008H .CRT$XLC                DATA
 0002:000069a8 00000008H .CRT$XLD                DATA
 0002:000069b0 00000008H .CRT$XLZ                DATA
 0002:000069c0 00000008H .ctors.65435            DATA
 0002:000069c8 00000010H .ctors.65534            DATA
 0002:000069e8 00000008H .dtors.65435            DATA
 0002:0000c84c 00000258H .xdata                  DATA
 0002:0000caa4 00000008H .xdata$_ZN6System7Classes15TComponentClassC1EPNS_10TMetaClassE DATA
 0002:0000caac 00000008H .xdata$_ZN6System7Classes15TComponentClassC2EPNS_10TMetaClassE DATA
 0002:0000cab4 00000008H .xdata$_ZN6System15DelphiMetaClassINS_7Classes15TComponentClassEEC2EPNS_10TMetaClassE DATA
 0002:0000cabc 00000010H .xdata                  DATA
 0002:0000cacc 00000008H .xdata$_ZN3Vcl5Forms5TFormC3EPN6System7Classes10TComponentE DATA
 0002:0000cad4 00000008H .xdata$_ZN6TForm1D0Ev   DATA
 0002:0000cadc 00000008H .xdata$_ZN3Vcl5Forms5TFormC3EPN6System7Classes10TComponentEi DATA
 0002:0000cae4 00000008H .xdata$_ZN3Vcl5Forms5TFormC3EPN6System7Classes10TComponentEii DATA
 0002:0000caec 00000008H .xdata$_ZN3Vcl5Forms5TFormD0Ev DATA
 0002:0000caf4 000006b8H .xdata                  DATA
 0002:0000d1ac 00000020H .xdata$_ZN6System8Sysutils11ERangeErrorC3ENS_13UnicodeStringE DATA
 0002:0000d1cc 00000020H .xdata$_ZN6System11AnsiStringTILt0EED2Ev DATA
 0002:0000d1ec 00000020H .xdata$_ZN6System8Sysutils9EIntErrorC3ENS_13UnicodeStringE DATA
 0002:0000d20c 00000020H .xdata$_ZN6System8Sysutils9EExternalC3ENS_13UnicodeStringE DATA
 0002:0000d22c 00000020H .xdata$_ZN6System8Sysutils11ERangeErrorC3ENS_13UnicodeStringE DATA
 0002:0000d24c 00000008H .xdata$_ZN6System8Sysutils11ERangeErrorD0Ev DATA
 0002:0000d254 00000008H .xdata$_ZN6System11WideCharLenIwEEiPKT_ DATA
 0002:0000d25c 00000008H .xdata$_ZN6System11WideCharLenIDsEEiPKT_ DATA
 0002:0000d264 00000008H .xdata$_ZN6System11AnsiStringTILt0EEC2EPKci DATA
 0002:0000d26c 00000020H .xdata$_ZN6System11AnsiStringTILt0EED2Ev DATA
 0002:0000d28c 00000008H .xdata$_ZN6System11AnsiStringTILt0EEC2Ev DATA
 0002:0000d294 00000008H .xdata$_ZN6System13UnicodeStringC2ILt0EEERKNS_11AnsiStringTIXT_EEE DATA
 0002:0000d29c 00000020H .xdata$_ZN6System8Sysutils9EIntErrorC3ENS_13UnicodeStringE DATA
 0002:0000d2bc 00000020H .xdata$_ZN6System8Sysutils9EExternalC3ENS_13UnicodeStringE DATA
 0002:0000d2dc 00000008H .xdata$_ZN6System8Sysutils9EIntErrorD0Ev DATA
 0002:0000d2e4 00000008H .xdata$_ZN6System8Sysutils9EExternalD0Ev DATA
 0002:0000d2ec 00000008H .xdata$_ZN6System11AnsiStringTILt0EEC2ERKS1_ DATA
 0002:0000d2f4 00000008H .xdata$_ZN6System14AnsiStringBaseC2Ev DATA
 0002:0000d2fc 000001d4H .xdata                  DATA
 0002:0000d4d0 00000020H .xdata$_ZN6System15DelphiInterfaceINS_10IInterfaceEED2Ev DATA
 0002:0000d4f0 00000020H .xdata$_ZNSt3__113unordered_mapIPN6System7Typinfo9TTypeInfoEPSt9type_infoNS_4hashIS4_EENS_8equal_toIS4_EENS_9allocatorINS_4pairIKS4_S6_EEEEEC2B6v15007Ev DATA
 0002:0000d510 00000018H .xdata$_ZNK6System11AnsiStringTILt65001EEplERKS1_ DATA
 0002:0000d528 00000020H .xdata$_ZNSt3__112__hash_tableINS_17__hash_value_typeIPN6System7Typinfo9TTypeInfoEPSt9type_infoEENS_22__unordered_map_hasherIS5_S8_NS_4hashIS5_EENS_8equal_toIS5_EELb1EEENS_21__unordered_map_equalIS5_S8_SD_SB_Lb1EEENS_9allocatorIS8_EEEC2Ev DATA
 0002:0000d548 00000020H .xdata$_ZNSt3__110unique_ptrIA_PNS_16__hash_node_baseIPNS_11__hash_nodeINS_17__hash_value_typeIPN6System7Typinfo9TTypeInfoEPSt9type_infoEEPvEEEENS_25__bucket_list_deallocatorINS_9allocatorISF_EEEEEC2B6v15007ILb1EvEEv DATA
 0002:0000d568 00000020H .xdata$_ZNSt3__125__bucket_list_deallocatorINS_9allocatorIPNS_16__hash_node_baseIPNS_11__hash_nodeINS_17__hash_value_typeIPN6System7Typinfo9TTypeInfoEPSt9type_infoEEPvEEEEEEEC2B6v15007Ev DATA
 0002:0000d588 00000020H .xdata$_ZNSt3__112__hash_tableINS_17__hash_value_typeIPN6System7Typinfo9TTypeInfoEPSt9type_infoEENS_22__unordered_map_hasherIS5_S8_NS_4hashIS5_EENS_8equal_toIS5_EELb1EEENS_21__unordered_map_equalIS5_S8_SD_SB_Lb1EEENS_9allocatorIS8_EEED2Ev DATA
 0002:0000d5a8 00000020H .xdata$_ZNSt3__112__hash_tableINS_17__hash_value_typeIPN6System7Typinfo9TTypeInfoEPSt9type_infoEENS_22__unordered_map_hasherIS5_S8_NS_4hashIS5_EENS_8equal_toIS5_EELb1EEENS_21__unordered_map_equalIS5_S8_SD_SB_Lb1EEENS_9allocatorIS8_EEE17__deallocate_nodeEPNS_16__hash_node_baseIPNS_11__hash_nodeIS8_PvEEEE DATA
 0002:0000d5c8 00000020H .xdata$_ZNSt3__19allocatorINS_11__hash_nodeINS_17__hash_value_typeIPN6System7Typinfo9TTypeInfoEPSt9type_infoEEPvEEE10deallocateB6v15007EPSB_y DATA
 0002:0000d5e8 00000020H .xdata$_ZNSt3__19allocatorIPNS_16__hash_node_baseIPNS_11__hash_nodeINS_17__hash_value_typeIPN6System7Typinfo9TTypeInfoEPSt9type_infoEEPvEEEEE10deallocateB6v15007EPSF_y DATA
 0002:0000d608 00000024H .xdata$_ZNSt3__112__hash_tableINS_17__hash_value_typeIPN6System7Typinfo9TTypeInfoEPSt9type_infoEENS_22__unordered_map_hasherIS5_S8_NS_4hashIS5_EENS_8equal_toIS5_EELb1EEENS_21__unordered_map_equalIS5_S8_SD_SB_Lb1EEENS_9allocatorIS8_EEE25__emplace_unique_key_argsIS5_JRKNS_21piecewise_construct_tENS_5tupleIJRKS5_EEENSO_IJEEEEEENS_4pairINS_15__hash_iteratorIPNS_11__hash_nodeIS8_PvEEEEbEERKT_DpOT0_ DATA
 0002:0000d62c 00000024H .xdata$_ZNSt3__112__hash_tableINS_17__hash_value_typeIPN6System7Typinfo9TTypeInfoEPSt9type_infoEENS_22__unordered_map_hasherIS5_S8_NS_4hashIS5_EENS_8equal_toIS5_EELb1EEENS_21__unordered_map_equalIS5_S8_SD_SB_Lb1EEENS_9allocatorIS8_EEE21__construct_node_hashIRKNS_21piecewise_construct_tEJNS_5tupleIJRKS5_EEENSO_IJEEEEEENS_10unique_ptrINS_11__hash_nodeIS8_PvEENS_22__hash_node_destructorINSH_ISW_EEEEEEyOT_DpOT0_ DATA
 0002:0000d650 00000020H .xdata$_ZNKSt3__14hashIPN6System7Typinfo9TTypeInfoEEclB6v15007ES4_ DATA
 0002:0000d670 00000020H .xdata$_ZNSt3__110unique_ptrINS_11__hash_nodeINS_17__hash_value_typeIPN6System7Typinfo9TTypeInfoEPSt9type_infoEEPvEENS_22__hash_node_destructorINS_9allocatorISB_EEEEEC2B6v15007ILb1EvEEPSB_NS_16__dependent_typeINS_27__unique_ptr_deleter_sfinaeISF_EEXT_EE20__good_rval_ref_typeE DATA
 0002:0000d690 00000020H .xdata$_ZNSt3__14pairIKPN6System7Typinfo9TTypeInfoEPSt9type_infoEC2B6v15007IJRS5_EJEEENS_21piecewise_construct_tENS_5tupleIJDpT_EEENSC_IJDpT0_EEE DATA
 0002:0000d6b0 00000020H .xdata$_ZNSt3__122__hash_node_destructorINS_9allocatorINS_11__hash_nodeINS_17__hash_value_typeIPN6System7Typinfo9TTypeInfoEPSt9type_infoEEPvEEEEEclB6v15007EPSC_ DATA
 0002:0000d6d0 00000008H .xdata$_ZN6System15DelphiInterfaceINS_10IInterfaceEEadEv DATA
 0002:0000d6d8 00000020H .xdata$_ZN6System15DelphiInterfaceINS_10IInterfaceEED2Ev DATA
 0002:0000d6f8 00000008H .xdata$_ZNSt3__110lock_guardINS_5mutexEEC2B6v15007ERS1_ DATA
 0002:0000d700 00000020H .xdata$_ZNSt3__113unordered_mapIPN6System7Typinfo9TTypeInfoEPSt9type_infoNS_4hashIS4_EENS_8equal_toIS4_EENS_9allocatorINS_4pairIKS4_S6_EEEEEC2B6v15007Ev DATA
 0002:0000d720 00000008H .xdata$_ZNSt3__113unordered_mapIPN6System7Typinfo9TTypeInfoEPSt9type_infoNS_4hashIS4_EENS_8equal_toIS4_EENS_9allocatorINS_4pairIKS4_S6_EEEEED2B6v15007Ev DATA
 0002:0000d728 00000008H .xdata$_ZNSt3__113unordered_mapIPN6System7Typinfo9TTypeInfoEPSt9type_infoNS_4hashIS4_EENS_8equal_toIS4_EENS_9allocatorINS_4pairIKS4_S6_EEEEEixERSD_ DATA
 0002:0000d730 00000008H .xdata$_ZN6System11AnsiStringTILt65001EEC2ERKNS_13UnicodeStringE DATA
 0002:0000d738 00000018H .xdata$_ZNK6System11AnsiStringTILt65001EEplERKS1_ DATA
 0002:0000d750 00000008H .xdata$_ZN6System11AnsiStringTILt65001EEC2EPKc DATA
 0002:0000d758 00000008H .xdata$_ZN6System11AnsiStringTILt65001EEC2Ev DATA
 0002:0000d760 00000008H .xdata$_ZN6System11AnsiStringTILt65001EEaSERKS1_ DATA
 0002:0000d768 00000008H .xdata$_ZN6System11AnsiStringTILt65001EED2Ev DATA
 0002:0000d770 00000008H .xdata$_ZN10__cxxabiv117__class_type_infoC2Ev DATA
 0002:0000d778 00000008H .xdata$_ZNK6System11AnsiStringTILt65001EE5c_strEv DATA
 0002:0000d780 00000008H .xdata$_ZNSt3__110lock_guardINS_5mutexEED2B6v15007Ev DATA
 0002:0000d788 00000008H .xdata$_ZN10__cxxabiv116__shim_type_infoC2Ev DATA
 0002:0000d790 00000020H .xdata$_ZNSt3__112__hash_tableINS_17__hash_value_typeIPN6System7Typinfo9TTypeInfoEPSt9type_infoEENS_22__unordered_map_hasherIS5_S8_NS_4hashIS5_EENS_8equal_toIS5_EELb1EEENS_21__unordered_map_equalIS5_S8_SD_SB_Lb1EEENS_9allocatorIS8_EEEC2Ev DATA
 0002:0000d7b0 00000008H .xdata$_ZNSt3__119__debug_db_insert_cB6v15007INS_13unordered_mapIPN6System7Typinfo9TTypeInfoEPSt9type_infoNS_4hashIS5_EENS_8equal_toIS5_EENS_9allocatorINS_4pairIKS5_S7_EEEEEEEEvPT_ DATA
 0002:0000d7b8 00000020H .xdata$_ZNSt3__110unique_ptrIA_PNS_16__hash_node_baseIPNS_11__hash_nodeINS_17__hash_value_typeIPN6System7Typinfo9TTypeInfoEPSt9type_infoEEPvEEEENS_25__bucket_list_deallocatorINS_9allocatorISF_EEEEEC2B6v15007ILb1EvEEv DATA
 0002:0000d7d8 00000008H .xdata$_ZNSt3__117__compressed_pairINS_16__hash_node_baseIPNS_11__hash_nodeINS_17__hash_value_typeIPN6System7Typinfo9TTypeInfoEPSt9type_infoEEPvEEEENS_9allocatorISC_EEEC2B6v15007ILb1EvEEv DATA
 0002:0000d7e0 00000008H .xdata$_ZNSt3__117__compressed_pairIyNS_22__unordered_map_hasherIPN6System7Typinfo9TTypeInfoENS_17__hash_value_typeIS5_PSt9type_infoEENS_4hashIS5_EENS_8equal_toIS5_EELb1EEEEC2B6v15007IiNS_18__default_init_tagEEEOT_OT0_ DATA
 0002:0000d7e8 00000008H .xdata$_ZNSt3__117__compressed_pairIfNS_21__unordered_map_equalIPN6System7Typinfo9TTypeInfoENS_17__hash_value_typeIS5_PSt9type_infoEENS_8equal_toIS5_EENS_4hashIS5_EELb1EEEEC2B6v15007IfNS_18__default_init_tagEEEOT_OT0_ DATA
 0002:0000d7f0 00000008H .xdata$_ZNSt3__117__compressed_pairIPPNS_16__hash_node_baseIPNS_11__hash_nodeINS_17__hash_value_typeIPN6System7Typinfo9TTypeInfoEPSt9type_infoEEPvEEEENS_25__bucket_list_deallocatorINS_9allocatorISF_EEEEEC2B6v15007INS_16__value_init_tagESN_EEOT_OT0_ DATA
 0002:0000d7f8 00000008H .xdata$_ZNSt3__122__compressed_pair_elemIPPNS_16__hash_node_baseIPNS_11__hash_nodeINS_17__hash_value_typeIPN6System7Typinfo9TTypeInfoEPSt9type_infoEEPvEEEELi0ELb0EEC2B6v15007ENS_16__value_init_tagE DATA
 0002:0000d800 00000008H .xdata$_ZNSt3__122__compressed_pair_elemINS_25__bucket_list_deallocatorINS_9allocatorIPNS_16__hash_node_baseIPNS_11__hash_nodeINS_17__hash_value_typeIPN6System7Typinfo9TTypeInfoEPSt9type_infoEEPvEEEEEEEELi1ELb0EEC2B6v15007ENS_16__value_init_tagE DATA
 0002:0000d808 00000020H .xdata$_ZNSt3__125__bucket_list_deallocatorINS_9allocatorIPNS_16__hash_node_baseIPNS_11__hash_nodeINS_17__hash_value_typeIPN6System7Typinfo9TTypeInfoEPSt9type_infoEEPvEEEEEEEC2B6v15007Ev DATA
 0002:0000d828 00000008H .xdata$_ZNSt3__117__compressed_pairIyNS_9allocatorIPNS_16__hash_node_baseIPNS_11__hash_nodeINS_17__hash_value_typeIPN6System7Typinfo9TTypeInfoEPSt9type_infoEEPvEEEEEEEC2B6v15007IiNS_18__default_init_tagEEEOT_OT0_ DATA
 0002:0000d830 00000008H .xdata$_ZNSt3__122__compressed_pair_elemIyLi0ELb0EEC2B6v15007IivEEOT_ DATA
 0002:0000d838 00000008H .xdata$_ZNSt3__122__compressed_pair_elemINS_9allocatorIPNS_16__hash_node_baseIPNS_11__hash_nodeINS_17__hash_value_typeIPN6System7Typinfo9TTypeInfoEPSt9type_infoEEPvEEEEEELi1ELb1EEC2B6v15007ENS_18__default_init_tagE DATA
 0002:0000d840 00000008H .xdata$_ZNSt3__19allocatorIPNS_16__hash_node_baseIPNS_11__hash_nodeINS_17__hash_value_typeIPN6System7Typinfo9TTypeInfoEPSt9type_infoEEPvEEEEEC2B6v15007Ev DATA
 0002:0000d848 00000008H .xdata$_ZNSt3__116__non_trivial_ifILb1ENS_9allocatorIPNS_16__hash_node_baseIPNS_11__hash_nodeINS_17__hash_value_typeIPN6System7Typinfo9TTypeInfoEPSt9type_infoEEPvEEEEEEEC2B6v15007Ev DATA
 0002:0000d850 00000008H .xdata$_ZNSt3__122__compressed_pair_elemINS_16__hash_node_baseIPNS_11__hash_nodeINS_17__hash_value_typeIPN6System7Typinfo9TTypeInfoEPSt9type_infoEEPvEEEELi0ELb0EEC2B6v15007ENS_16__value_init_tagE DATA
 0002:0000d858 00000008H .xdata$_ZNSt3__122__compressed_pair_elemINS_9allocatorINS_11__hash_nodeINS_17__hash_value_typeIPN6System7Typinfo9TTypeInfoEPSt9type_infoEEPvEEEELi1ELb1EEC2B6v15007ENS_16__value_init_tagE DATA
 0002:0000d860 00000008H .xdata$_ZNSt3__116__hash_node_baseIPNS_11__hash_nodeINS_17__hash_value_typeIPN6System7Typinfo9TTypeInfoEPSt9type_infoEEPvEEEC2B6v15007Ev DATA
 0002:0000d868 00000008H .xdata$_ZNSt3__19allocatorINS_11__hash_nodeINS_17__hash_value_typeIPN6System7Typinfo9TTypeInfoEPSt9type_infoEEPvEEEC2B6v15007Ev DATA
 0002:0000d870 00000008H .xdata$_ZNSt3__116__non_trivial_ifILb1ENS_9allocatorINS_11__hash_nodeINS_17__hash_value_typeIPN6System7Typinfo9TTypeInfoEPSt9type_infoEEPvEEEEEC2B6v15007Ev DATA
 0002:0000d878 00000008H .xdata$_ZNSt3__122__compressed_pair_elemINS_22__unordered_map_hasherIPN6System7Typinfo9TTypeInfoENS_17__hash_value_typeIS5_PSt9type_infoEENS_4hashIS5_EENS_8equal_toIS5_EELb1EEELi1ELb1EEC2B6v15007ENS_18__default_init_tagE DATA
 0002:0000d880 00000008H .xdata$_ZNSt3__122__unordered_map_hasherIPN6System7Typinfo9TTypeInfoENS_17__hash_value_typeIS4_PSt9type_infoEENS_4hashIS4_EENS_8equal_toIS4_EELb1EEC2B6v15007Ev DATA
 0002:0000d888 00000008H .xdata$_ZNSt3__122__compressed_pair_elemIfLi0ELb0EEC2B6v15007IfvEEOT_ DATA
 0002:0000d890 00000008H .xdata$_ZNSt3__122__compressed_pair_elemINS_21__unordered_map_equalIPN6System7Typinfo9TTypeInfoENS_17__hash_value_typeIS5_PSt9type_infoEENS_8equal_toIS5_EENS_4hashIS5_EELb1EEELi1ELb1EEC2B6v15007ENS_18__default_init_tagE DATA
 0002:0000d898 00000008H .xdata$_ZNSt3__121__unordered_map_equalIPN6System7Typinfo9TTypeInfoENS_17__hash_value_typeIS4_PSt9type_infoEENS_8equal_toIS4_EENS_4hashIS4_EELb1EEC2B6v15007Ev DATA
 0002:0000d8a0 00000020H .xdata$_ZNSt3__112__hash_tableINS_17__hash_value_typeIPN6System7Typinfo9TTypeInfoEPSt9type_infoEENS_22__unordered_map_hasherIS5_S8_NS_4hashIS5_EENS_8equal_toIS5_EELb1EEENS_21__unordered_map_equalIS5_S8_SD_SB_Lb1EEENS_9allocatorIS8_EEED2Ev DATA
 0002:0000d8c0 00000020H .xdata$_ZNSt3__112__hash_tableINS_17__hash_value_typeIPN6System7Typinfo9TTypeInfoEPSt9type_infoEENS_22__unordered_map_hasherIS5_S8_NS_4hashIS5_EENS_8equal_toIS5_EELb1EEENS_21__unordered_map_equalIS5_S8_SD_SB_Lb1EEENS_9allocatorIS8_EEE17__deallocate_nodeEPNS_16__hash_node_baseIPNS_11__hash_nodeIS8_PvEEEE DATA
 0002:0000d8e0 00000008H .xdata$_ZNSt3__117__compressed_pairINS_16__hash_node_baseIPNS_11__hash_nodeINS_17__hash_value_typeIPN6System7Typinfo9TTypeInfoEPSt9type_infoEEPvEEEENS_9allocatorISC_EEE5firstB6v15007Ev DATA
 0002:0000d8e8 00000008H .xdata$_ZNSt3__118__debug_db_erase_cB6v15007INS_12__hash_tableINS_17__hash_value_typeIPN6System7Typinfo9TTypeInfoEPSt9type_infoEENS_22__unordered_map_hasherIS6_S9_NS_4hashIS6_EENS_8equal_toIS6_EELb1EEENS_21__unordered_map_equalIS6_S9_SE_SC_Lb1EEENS_9allocatorIS9_EEEEEEvPT_ DATA
 0002:0000d8f0 00000008H .xdata$_ZNSt3__110unique_ptrIA_PNS_16__hash_node_baseIPNS_11__hash_nodeINS_17__hash_value_typeIPN6System7Typinfo9TTypeInfoEPSt9type_infoEEPvEEEENS_25__bucket_list_deallocatorINS_9allocatorISF_EEEEED2B6v15007Ev DATA
 0002:0000d8f8 00000008H .xdata$_ZNSt3__112__hash_tableINS_17__hash_value_typeIPN6System7Typinfo9TTypeInfoEPSt9type_infoEENS_22__unordered_map_hasherIS5_S8_NS_4hashIS5_EENS_8equal_toIS5_EELb1EEENS_21__unordered_map_equalIS5_S8_SD_SB_Lb1EEENS_9allocatorIS8_EEE12__node_allocB6v15007Ev DATA
 0002:0000d900 00000008H .xdata$_ZNSt3__116__hash_node_baseIPNS_11__hash_nodeINS_17__hash_value_typeIPN6System7Typinfo9TTypeInfoEPSt9type_infoEEPvEEE8__upcastB6v15007Ev DATA
 0002:0000d908 00000008H .xdata$_ZNSt3__116allocator_traitsINS_9allocatorINS_11__hash_nodeINS_17__hash_value_typeIPN6System7Typinfo9TTypeInfoEPSt9type_infoEEPvEEEEE7destroyB6v15007INS_4pairIKS7_S9_EEvvEEvRSD_PT_ DATA
 0002:0000d910 00000008H .xdata$_ZNSt3__122__hash_key_value_typesINS_17__hash_value_typeIPN6System7Typinfo9TTypeInfoEPSt9type_infoEEE9__get_ptrB6v15007ERS8_ DATA
 0002:0000d918 00000008H .xdata$_ZNSt3__116allocator_traitsINS_9allocatorINS_11__hash_nodeINS_17__hash_value_typeIPN6System7Typinfo9TTypeInfoEPSt9type_infoEEPvEEEEE10deallocateB6v15007ERSD_PSC_y DATA
 0002:0000d920 00000008H .xdata$_ZNSt3__117__compressed_pairINS_16__hash_node_baseIPNS_11__hash_nodeINS_17__hash_value_typeIPN6System7Typinfo9TTypeInfoEPSt9type_infoEEPvEEEENS_9allocatorISC_EEE6secondB6v15007Ev DATA
 0002:0000d928 00000008H .xdata$_ZNSt3__122__compressed_pair_elemINS_9allocatorINS_11__hash_nodeINS_17__hash_value_typeIPN6System7Typinfo9TTypeInfoEPSt9type_infoEEPvEEEELi1ELb1EE5__getB6v15007Ev DATA
 0002:0000d930 00000008H .xdata$_ZNSt3__114pointer_traitsIPNS_16__hash_node_baseIPNS_11__hash_nodeINS_17__hash_value_typeIPN6System7Typinfo9TTypeInfoEPSt9type_infoEEPvEEEEE10pointer_toB6v15007ERSE_ DATA
 0002:0000d938 00000008H .xdata$_ZNSt3__117__hash_value_typeIPN6System7Typinfo9TTypeInfoEPSt9type_infoE11__get_valueB6v15007Ev DATA
 0002:0000d940 00000008H .xdata$_ZNSt3__17launderB6v15007INS_4pairIKPN6System7Typinfo9TTypeInfoEPSt9type_infoEEEEPT_SB_ DATA
 0002:0000d948 00000008H .xdata$_ZNSt3__19__launderB6v15007INS_4pairIKPN6System7Typinfo9TTypeInfoEPSt9type_infoEEEEPT_SB_ DATA
 0002:0000d950 00000020H .xdata$_ZNSt3__19allocatorINS_11__hash_nodeINS_17__hash_value_typeIPN6System7Typinfo9TTypeInfoEPSt9type_infoEEPvEEE10deallocateB6v15007EPSB_y DATA
 0002:0000d970 00000008H .xdata$_ZNSt3__119__libcpp_deallocateB6v15007EPvyy DATA
 0002:0000d978 00000008H .xdata$_ZNSt3__124__is_overaligned_for_newB6v15007Ey DATA
 0002:0000d980 00000008H .xdata$_ZNSt3__127__do_deallocate_handle_sizeB6v15007IJSt11align_val_tEEEvPvyDpT_ DATA
 0002:0000d988 00000008H .xdata$_ZNSt3__127__do_deallocate_handle_sizeB6v15007IJEEEvPvyDpT_ DATA
 0002:0000d990 00000008H .xdata$_ZNSt3__124__libcpp_operator_deleteB6v15007IJPvSt11align_val_tEEEvDpT_ DATA
 0002:0000d998 00000008H .xdata$_ZNSt3__124__libcpp_operator_deleteB6v15007IJPvEEEvDpT_ DATA
 0002:0000d9a0 00000008H .xdata$_ZNSt3__122__compressed_pair_elemINS_16__hash_node_baseIPNS_11__hash_nodeINS_17__hash_value_typeIPN6System7Typinfo9TTypeInfoEPSt9type_infoEEPvEEEELi0ELb0EE5__getB6v15007Ev DATA
 0002:0000d9a8 00000008H .xdata$_ZNSt3__110unique_ptrIA_PNS_16__hash_node_baseIPNS_11__hash_nodeINS_17__hash_value_typeIPN6System7Typinfo9TTypeInfoEPSt9type_infoEEPvEEEENS_25__bucket_list_deallocatorINS_9allocatorISF_EEEEE5resetB6v15007EDn DATA
 0002:0000d9b0 00000008H .xdata$_ZNSt3__117__compressed_pairIPPNS_16__hash_node_baseIPNS_11__hash_nodeINS_17__hash_value_typeIPN6System7Typinfo9TTypeInfoEPSt9type_infoEEPvEEEENS_25__bucket_list_deallocatorINS_9allocatorISF_EEEEE5firstB6v15007Ev DATA
 0002:0000d9b8 00000008H .xdata$_ZNSt3__117__compressed_pairIPPNS_16__hash_node_baseIPNS_11__hash_nodeINS_17__hash_value_typeIPN6System7Typinfo9TTypeInfoEPSt9type_infoEEPvEEEENS_25__bucket_list_deallocatorINS_9allocatorISF_EEEEE6secondB6v15007Ev DATA
 0002:0000d9c0 00000008H .xdata$_ZNSt3__125__bucket_list_deallocatorINS_9allocatorIPNS_16__hash_node_baseIPNS_11__hash_nodeINS_17__hash_value_typeIPN6System7Typinfo9TTypeInfoEPSt9type_infoEEPvEEEEEEEclB6v15007EPSG_ DATA
 0002:0000d9c8 00000008H .xdata$_ZNSt3__122__compressed_pair_elemIPPNS_16__hash_node_baseIPNS_11__hash_nodeINS_17__hash_value_typeIPN6System7Typinfo9TTypeInfoEPSt9type_infoEEPvEEEELi0ELb0EE5__getB6v15007Ev DATA
 0002:0000d9d0 00000008H .xdata$_ZNSt3__122__compressed_pair_elemINS_25__bucket_list_deallocatorINS_9allocatorIPNS_16__hash_node_baseIPNS_11__hash_nodeINS_17__hash_value_typeIPN6System7Typinfo9TTypeInfoEPSt9type_infoEEPvEEEEEEEELi1ELb0EE5__getB6v15007Ev DATA
 0002:0000d9d8 00000008H .xdata$_ZNSt3__116allocator_traitsINS_9allocatorIPNS_16__hash_node_baseIPNS_11__hash_nodeINS_17__hash_value_typeIPN6System7Typinfo9TTypeInfoEPSt9type_infoEEPvEEEEEEE10deallocateB6v15007ERSH_PSG_y DATA
 0002:0000d9e0 00000008H .xdata$_ZNSt3__125__bucket_list_deallocatorINS_9allocatorIPNS_16__hash_node_baseIPNS_11__hash_nodeINS_17__hash_value_typeIPN6System7Typinfo9TTypeInfoEPSt9type_infoEEPvEEEEEEE7__allocB6v15007Ev DATA
 0002:0000d9e8 00000008H .xdata$_ZNSt3__125__bucket_list_deallocatorINS_9allocatorIPNS_16__hash_node_baseIPNS_11__hash_nodeINS_17__hash_value_typeIPN6System7Typinfo9TTypeInfoEPSt9type_infoEEPvEEEEEEE4sizeB6v15007Ev DATA
 0002:0000d9f0 00000020H .xdata$_ZNSt3__19allocatorIPNS_16__hash_node_baseIPNS_11__hash_nodeINS_17__hash_value_typeIPN6System7Typinfo9TTypeInfoEPSt9type_infoEEPvEEEEE10deallocateB6v15007EPSF_y DATA
 0002:0000da10 00000008H .xdata$_ZNSt3__117__compressed_pairIyNS_9allocatorIPNS_16__hash_node_baseIPNS_11__hash_nodeINS_17__hash_value_typeIPN6System7Typinfo9TTypeInfoEPSt9type_infoEEPvEEEEEEE6secondB6v15007Ev DATA
 0002:0000da18 00000008H .xdata$_ZNSt3__122__compressed_pair_elemINS_9allocatorIPNS_16__hash_node_baseIPNS_11__hash_nodeINS_17__hash_value_typeIPN6System7Typinfo9TTypeInfoEPSt9type_infoEEPvEEEEEELi1ELb1EE5__getB6v15007Ev DATA
 0002:0000da20 00000008H .xdata$_ZNSt3__117__compressed_pairIyNS_9allocatorIPNS_16__hash_node_baseIPNS_11__hash_nodeINS_17__hash_value_typeIPN6System7Typinfo9TTypeInfoEPSt9type_infoEEPvEEEEEEE5firstB6v15007Ev DATA
 0002:0000da28 00000008H .xdata$_ZNSt3__122__compressed_pair_elemIyLi0ELb0EE5__getB6v15007Ev DATA
 0002:0000da30 00000024H .xdata$_ZNSt3__112__hash_tableINS_17__hash_value_typeIPN6System7Typinfo9TTypeInfoEPSt9type_infoEENS_22__unordered_map_hasherIS5_S8_NS_4hashIS5_EENS_8equal_toIS5_EELb1EEENS_21__unordered_map_equalIS5_S8_SD_SB_Lb1EEENS_9allocatorIS8_EEE25__emplace_unique_key_argsIS5_JRKNS_21piecewise_construct_tENS_5tupleIJRKS5_EEENSO_IJEEEEEENS_4pairINS_15__hash_iteratorIPNS_11__hash_nodeIS8_PvEEEEbEERKT_DpOT0_ DATA
 0002:0000da54 00000008H .xdata$_ZNSt3__116forward_as_tupleB6v15007IJRKPN6System7Typinfo9TTypeInfoEEEENS_5tupleIJDpOT_EEESA_ DATA
 0002:0000da5c 00000008H .xdata$_ZNSt3__116forward_as_tupleB6v15007IJEEENS_5tupleIJDpOT_EEES4_ DATA
 0002:0000da64 00000008H .xdata$_ZNKSt3__115__hash_iteratorIPNS_11__hash_nodeINS_17__hash_value_typeIPN6System7Typinfo9TTypeInfoEPSt9type_infoEEPvEEEptB6v15007Ev DATA
 0002:0000da6c 00000008H .xdata$_ZNSt3__112__hash_tableINS_17__hash_value_typeIPN6System7Typinfo9TTypeInfoEPSt9type_infoEENS_22__unordered_map_hasherIS5_S8_NS_4hashIS5_EENS_8equal_toIS5_EELb1EEENS_21__unordered_map_equalIS5_S8_SD_SB_Lb1EEENS_9allocatorIS8_EEE13hash_functionB6v15007Ev DATA
 0002:0000da74 00000008H .xdata$_ZNKSt3__122__unordered_map_hasherIPN6System7Typinfo9TTypeInfoENS_17__hash_value_typeIS4_PSt9type_infoEENS_4hashIS4_EENS_8equal_toIS4_EELb1EEclB6v15007ERKS4_ DATA
 0002:0000da7c 00000008H .xdata$_ZNKSt3__112__hash_tableINS_17__hash_value_typeIPN6System7Typinfo9TTypeInfoEPSt9type_infoEENS_22__unordered_map_hasherIS5_S8_NS_4hashIS5_EENS_8equal_toIS5_EELb1EEENS_21__unordered_map_equalIS5_S8_SD_SB_Lb1EEENS_9allocatorIS8_EEE12bucket_countB6v15007Ev DATA
 0002:0000da84 00000008H .xdata$_ZNSt3__116__constrain_hashB6v15007Eyy DATA
 0002:0000da8c 00000008H .xdata$_ZNKSt3__110unique_ptrIA_PNS_16__hash_node_baseIPNS_11__hash_nodeINS_17__hash_value_typeIPN6System7Typinfo9TTypeInfoEPSt9type_infoEEPvEEEENS_25__bucket_list_deallocatorINS_9allocatorISF_EEEEEixB6v15007Ey DATA
 0002:0000da94 00000008H .xdata$_ZNKSt3__116__hash_node_baseIPNS_11__hash_nodeINS_17__hash_value_typeIPN6System7Typinfo9TTypeInfoEPSt9type_infoEEPvEEE6__hashB6v15007Ev DATA
 0002:0000da9c 00000008H .xdata$_ZNSt3__112__hash_tableINS_17__hash_value_typeIPN6System7Typinfo9TTypeInfoEPSt9type_infoEENS_22__unordered_map_hasherIS5_S8_NS_4hashIS5_EENS_8equal_toIS5_EELb1EEENS_21__unordered_map_equalIS5_S8_SD_SB_Lb1EEENS_9allocatorIS8_EEE6key_eqB6v15007Ev DATA
 0002:0000daa4 00000008H .xdata$_ZNKSt3__121__unordered_map_equalIPN6System7Typinfo9TTypeInfoENS_17__hash_value_typeIS4_PSt9type_infoEENS_8equal_toIS4_EENS_4hashIS4_EELb1EEclB6v15007ERKS8_RKS4_ DATA
 0002:0000daac 00000024H .xdata$_ZNSt3__112__hash_tableINS_17__hash_value_typeIPN6System7Typinfo9TTypeInfoEPSt9type_infoEENS_22__unordered_map_hasherIS5_S8_NS_4hashIS5_EENS_8equal_toIS5_EELb1EEENS_21__unordered_map_equalIS5_S8_SD_SB_Lb1EEENS_9allocatorIS8_EEE21__construct_node_hashIRKNS_21piecewise_construct_tEJNS_5tupleIJRKS5_EEENSO_IJEEEEEENS_10unique_ptrINS_11__hash_nodeIS8_PvEENS_22__hash_node_destructorINSH_ISW_EEEEEEyOT_DpOT0_ DATA
 0002:0000dad0 00000008H .xdata$_ZNSt3__112__hash_tableINS_17__hash_value_typeIPN6System7Typinfo9TTypeInfoEPSt9type_infoEENS_22__unordered_map_hasherIS5_S8_NS_4hashIS5_EENS_8equal_toIS5_EELb1EEENS_21__unordered_map_equalIS5_S8_SD_SB_Lb1EEENS_9allocatorIS8_EEE4sizeB6v15007Ev DATA
 0002:0000dad8 00000008H .xdata$_ZNSt3__112__hash_tableINS_17__hash_value_typeIPN6System7Typinfo9TTypeInfoEPSt9type_infoEENS_22__unordered_map_hasherIS5_S8_NS_4hashIS5_EENS_8equal_toIS5_EELb1EEENS_21__unordered_map_equalIS5_S8_SD_SB_Lb1EEENS_9allocatorIS8_EEE15max_load_factorB6v15007Ev DATA
 0002:0000dae0 00000008H .xdata$_ZNSt3__112__hash_tableINS_17__hash_value_typeIPN6System7Typinfo9TTypeInfoEPSt9type_infoEENS_22__unordered_map_hasherIS5_S8_NS_4hashIS5_EENS_8equal_toIS5_EELb1EEENS_21__unordered_map_equalIS5_S8_SD_SB_Lb1EEENS_9allocatorIS8_EEE15__rehash_uniqueB6v15007Ey DATA
 0002:0000dae8 00000008H .xdata$_ZNSt3__13maxB6v15007IyEERKT_S3_S3_ DATA
 0002:0000daf0 00000008H .xdata$_ZNSt3__116__is_hash_power2B6v15007Ey DATA
 0002:0000daf8 00000008H .xdata$_Z4ceilB6v15007f DATA
 0002:0000db00 00000008H .xdata$_ZNSt3__116__hash_node_baseIPNS_11__hash_nodeINS_17__hash_value_typeIPN6System7Typinfo9TTypeInfoEPSt9type_infoEEPvEEE5__ptrB6v15007Ev DATA
 0002:0000db08 00000008H .xdata$_ZNKSt3__110unique_ptrINS_11__hash_nodeINS_17__hash_value_typeIPN6System7Typinfo9TTypeInfoEPSt9type_infoEEPvEENS_22__hash_node_destructorINS_9allocatorISB_EEEEEptB6v15007Ev DATA
 0002:0000db10 00000008H .xdata$_ZNKSt3__110unique_ptrINS_11__hash_nodeINS_17__hash_value_typeIPN6System7Typinfo9TTypeInfoEPSt9type_infoEEPvEENS_22__hash_node_destructorINS_9allocatorISB_EEEEE3getB6v15007Ev DATA
 0002:0000db18 00000008H .xdata$_ZNSt3__110unique_ptrINS_11__hash_nodeINS_17__hash_value_typeIPN6System7Typinfo9TTypeInfoEPSt9type_infoEEPvEENS_22__hash_node_destructorINS_9allocatorISB_EEEEE7releaseB6v15007Ev DATA
 0002:0000db20 00000008H .xdata$_ZNSt3__110unique_ptrINS_11__hash_nodeINS_17__hash_value_typeIPN6System7Typinfo9TTypeInfoEPSt9type_infoEEPvEENS_22__hash_node_destructorINS_9allocatorISB_EEEEED2B6v15007Ev DATA
 0002:0000db28 00000008H .xdata$_ZNSt3__115__hash_iteratorIPNS_11__hash_nodeINS_17__hash_value_typeIPN6System7Typinfo9TTypeInfoEPSt9type_infoEEPvEEEC2B6v15007EPNS_16__hash_node_baseISC_EEPKv DATA
 0002:0000db30 00000008H .xdata$_ZNSt3__14pairINS_15__hash_iteratorIPNS_11__hash_nodeINS_17__hash_value_typeIPN6System7Typinfo9TTypeInfoEPSt9type_infoEEPvEEEEbEC2B6v15007ISE_RbLSB_0EEEOT_OT0_ DATA
 0002:0000db38 00000008H .xdata$_ZNSt3__117__compressed_pairIyNS_22__unordered_map_hasherIPN6System7Typinfo9TTypeInfoENS_17__hash_value_typeIS5_PSt9type_infoEENS_4hashIS5_EENS_8equal_toIS5_EELb1EEEE6secondB6v15007Ev DATA
 0002:0000db40 00000008H .xdata$_ZNSt3__122__compressed_pair_elemINS_22__unordered_map_hasherIPN6System7Typinfo9TTypeInfoENS_17__hash_value_typeIS5_PSt9type_infoEENS_4hashIS5_EENS_8equal_toIS5_EELb1EEELi1ELb1EE5__getB6v15007Ev DATA
 0002:0000db48 00000020H .xdata$_ZNKSt3__14hashIPN6System7Typinfo9TTypeInfoEEclB6v15007ES4_ DATA
 0002:0000db68 00000008H .xdata$_ZNSt3__121__murmur2_or_cityhashIyLy64EEclEPKvy DATA
 0002:0000db70 00000008H .xdata$_ZNSt3__121__murmur2_or_cityhashIyLy64EE18__hash_len_0_to_16EPKcy DATA
 0002:0000db78 00000008H .xdata$_ZNSt3__121__murmur2_or_cityhashIyLy64EE19__hash_len_17_to_32EPKcy DATA
 0002:0000db80 00000008H .xdata$_ZNSt3__121__murmur2_or_cityhashIyLy64EE19__hash_len_33_to_64EPKcy DATA
 0002:0000db88 00000008H .xdata$_ZNSt3__110__loadwordB6v15007IyEET_PKv DATA
 0002:0000db90 00000008H .xdata$_ZNSt3__121__murmur2_or_cityhashIyLy64EE13__hash_len_16Eyy DATA
 0002:0000db98 00000008H .xdata$_ZNSt3__121__murmur2_or_cityhashIyLy64EE29__weak_hash_len_32_with_seedsEPKcyy DATA
 0002:0000dba0 00000008H .xdata$_ZNSt3__121__murmur2_or_cityhashIyLy64EE8__rotateEyi DATA
 0002:0000dba8 00000008H .xdata$_ZNSt3__14pairIyyEaSB6v15007EOS1_ DATA
 0002:0000dbb0 00000008H .xdata$_ZNSt3__14swapB6v15007IyEENS_9enable_ifIXaasr21is_move_constructibleIT_EE5valuesr18is_move_assignableIS2_EE5valueEvE4typeERS2_S5_ DATA
 0002:0000dbb8 00000008H .xdata$_ZNSt3__121__murmur2_or_cityhashIyLy64EE11__shift_mixEy DATA
 0002:0000dbc0 00000008H .xdata$_ZNSt3__121__murmur2_or_cityhashIyLy64EE22__rotate_by_at_least_1Eyi DATA
 0002:0000dbc8 00000008H .xdata$_ZNSt3__110__loadwordB6v15007IjEET_PKv DATA
 0002:0000dbd0 00000008H .xdata$_ZNSt3__121__murmur2_or_cityhashIyLy64EE29__weak_hash_len_32_with_seedsEyyyyyy DATA
 0002:0000dbd8 00000008H .xdata$_ZNSt3__14pairIyyEC2B6v15007IyyLPv0EEEOT_OT0_ DATA
 0002:0000dbe0 00000008H .xdata$_ZNKSt3__110unique_ptrIA_PNS_16__hash_node_baseIPNS_11__hash_nodeINS_17__hash_value_typeIPN6System7Typinfo9TTypeInfoEPSt9type_infoEEPvEEEENS_25__bucket_list_deallocatorINS_9allocatorISF_EEEEE11get_deleterB6v15007Ev DATA
 0002:0000dbe8 00000008H .xdata$_ZNKSt3__125__bucket_list_deallocatorINS_9allocatorIPNS_16__hash_node_baseIPNS_11__hash_nodeINS_17__hash_value_typeIPN6System7Typinfo9TTypeInfoEPSt9type_infoEEPvEEEEEEE4sizeB6v15007Ev DATA
 0002:0000dbf0 00000008H .xdata$_ZNKSt3__117__compressed_pairIPPNS_16__hash_node_baseIPNS_11__hash_nodeINS_17__hash_value_typeIPN6System7Typinfo9TTypeInfoEPSt9type_infoEEPvEEEENS_25__bucket_list_deallocatorINS_9allocatorISF_EEEEE6secondB6v15007Ev DATA
 0002:0000dbf8 00000008H .xdata$_ZNKSt3__122__compressed_pair_elemINS_25__bucket_list_deallocatorINS_9allocatorIPNS_16__hash_node_baseIPNS_11__hash_nodeINS_17__hash_value_typeIPN6System7Typinfo9TTypeInfoEPSt9type_infoEEPvEEEEEEEELi1ELb0EE5__getB6v15007Ev DATA
 0002:0000dc00 00000008H .xdata$_ZNKSt3__117__compressed_pairIyNS_9allocatorIPNS_16__hash_node_baseIPNS_11__hash_nodeINS_17__hash_value_typeIPN6System7Typinfo9TTypeInfoEPSt9type_infoEEPvEEEEEEE5firstB6v15007Ev DATA
 0002:0000dc08 00000008H .xdata$_ZNKSt3__122__compressed_pair_elemIyLi0ELb0EE5__getB6v15007Ev DATA
 0002:0000dc10 00000008H .xdata$_ZNKSt3__117__compressed_pairIPPNS_16__hash_node_baseIPNS_11__hash_nodeINS_17__hash_value_typeIPN6System7Typinfo9TTypeInfoEPSt9type_infoEEPvEEEENS_25__bucket_list_deallocatorINS_9allocatorISF_EEEEE5firstB6v15007Ev DATA
 0002:0000dc18 00000008H .xdata$_ZNKSt3__122__compressed_pair_elemIPPNS_16__hash_node_baseIPNS_11__hash_nodeINS_17__hash_value_typeIPN6System7Typinfo9TTypeInfoEPSt9type_infoEEPvEEEELi0ELb0EE5__getB6v15007Ev DATA
 0002:0000dc20 00000008H .xdata$_ZNSt3__117__compressed_pairIfNS_21__unordered_map_equalIPN6System7Typinfo9TTypeInfoENS_17__hash_value_typeIS5_PSt9type_infoEENS_8equal_toIS5_EENS_4hashIS5_EELb1EEEE6secondB6v15007Ev DATA
 0002:0000dc28 00000008H .xdata$_ZNSt3__122__compressed_pair_elemINS_21__unordered_map_equalIPN6System7Typinfo9TTypeInfoENS_17__hash_value_typeIS5_PSt9type_infoEENS_8equal_toIS5_EENS_4hashIS5_EELb1EEELi1ELb1EE5__getB6v15007Ev DATA
 0002:0000dc30 00000008H .xdata$_ZNKSt3__18equal_toIPN6System7Typinfo9TTypeInfoEEclB6v15007ERKS4_S7_ DATA
 0002:0000dc38 00000008H .xdata$_ZNKSt3__117__hash_value_typeIPN6System7Typinfo9TTypeInfoEPSt9type_infoE11__get_valueB6v15007Ev DATA
 0002:0000dc40 00000008H .xdata$_ZNSt3__17launderB6v15007IKNS_4pairIKPN6System7Typinfo9TTypeInfoEPSt9type_infoEEEEPT_SC_ DATA
 0002:0000dc48 00000008H .xdata$_ZNSt3__19__launderB6v15007IKNS_4pairIKPN6System7Typinfo9TTypeInfoEPSt9type_infoEEEEPT_SC_ DATA
 0002:0000dc50 00000008H .xdata$_ZNSt3__116allocator_traitsINS_9allocatorINS_11__hash_nodeINS_17__hash_value_typeIPN6System7Typinfo9TTypeInfoEPSt9type_infoEEPvEEEEE8allocateB6v15007ERSD_y DATA
 0002:0000dc58 00000008H .xdata$_ZNSt3__122__hash_node_destructorINS_9allocatorINS_11__hash_nodeINS_17__hash_value_typeIPN6System7Typinfo9TTypeInfoEPSt9type_infoEEPvEEEEEC2B6v15007ERSD_b DATA
 0002:0000dc60 00000020H .xdata$_ZNSt3__110unique_ptrINS_11__hash_nodeINS_17__hash_value_typeIPN6System7Typinfo9TTypeInfoEPSt9type_infoEEPvEENS_22__hash_node_destructorINS_9allocatorISB_EEEEEC2B6v15007ILb1EvEEPSB_NS_16__dependent_typeINS_27__unique_ptr_deleter_sfinaeISF_EEXT_EE20__good_rval_ref_typeE DATA
 0002:0000dc80 00000008H .xdata$_ZNSt3__116allocator_traitsINS_9allocatorINS_11__hash_nodeINS_17__hash_value_typeIPN6System7Typinfo9TTypeInfoEPSt9type_infoEEPvEEEEE9constructB6v15007INS_4pairIKS7_S9_EEJRKNS_21piecewise_construct_tENS_5tupleIJRSH_EEENSM_IJEEEEvEEvRSD_PT_DpOT0_ DATA
 0002:0000dc88 00000008H .xdata$_ZNSt3__110unique_ptrINS_11__hash_nodeINS_17__hash_value_typeIPN6System7Typinfo9TTypeInfoEPSt9type_infoEEPvEENS_22__hash_node_destructorINS_9allocatorISB_EEEEE11get_deleterB6v15007Ev DATA
 0002:0000dc90 00000008H .xdata$_ZNSt3__19allocatorINS_11__hash_nodeINS_17__hash_value_typeIPN6System7Typinfo9TTypeInfoEPSt9type_infoEEPvEEE8allocateB6v15007Ey DATA
 0002:0000dc98 00000008H .xdata$_ZNSt3__116allocator_traitsINS_9allocatorINS_11__hash_nodeINS_17__hash_value_typeIPN6System7Typinfo9TTypeInfoEPSt9type_infoEEPvEEEEE8max_sizeB6v15007ISD_vEEyRKSD_ DATA
 0002:0000dca0 00000008H .xdata$_ZSt28__throw_bad_array_new_lengthB6v15007v DATA
 0002:0000dca8 00000008H .xdata$_ZNSt3__117__libcpp_allocateB6v15007Eyy DATA
 0002:0000dcb0 00000008H .xdata$_ZNKSt3__19allocatorINS_11__hash_nodeINS_17__hash_value_typeIPN6System7Typinfo9TTypeInfoEPSt9type_infoEEPvEEE8max_sizeB6v15007Ev DATA
 0002:0000dcb8 00000008H .xdata$_ZNSt3__121__libcpp_operator_newB6v15007IJySt11align_val_tEEEPvDpT_ DATA
 0002:0000dcc0 00000008H .xdata$_ZNSt3__121__libcpp_operator_newB6v15007IJyEEEPvDpT_ DATA
 0002:0000dcc8 00000008H .xdata$_ZNSt3__117__compressed_pairIPNS_11__hash_nodeINS_17__hash_value_typeIPN6System7Typinfo9TTypeInfoEPSt9type_infoEEPvEENS_22__hash_node_destructorINS_9allocatorISB_EEEEEC2B6v15007IRSC_SG_EEOT_OT0_ DATA
 0002:0000dcd0 00000008H .xdata$_ZNSt3__122__compressed_pair_elemIPNS_11__hash_nodeINS_17__hash_value_typeIPN6System7Typinfo9TTypeInfoEPSt9type_infoEEPvEELi0ELb0EEC2B6v15007IRSC_vEEOT_ DATA
 0002:0000dcd8 00000008H .xdata$_ZNSt3__122__compressed_pair_elemINS_22__hash_node_destructorINS_9allocatorINS_11__hash_nodeINS_17__hash_value_typeIPN6System7Typinfo9TTypeInfoEPSt9type_infoEEPvEEEEEELi1ELb0EEC2B6v15007ISF_vEEOT_ DATA
 0002:0000dce0 00000008H .xdata$_ZNSt3__19allocatorINS_11__hash_nodeINS_17__hash_value_typeIPN6System7Typinfo9TTypeInfoEPSt9type_infoEEPvEEE9constructB6v15007INS_4pairIKS6_S8_EEJRKNS_21piecewise_construct_tENS_5tupleIJRSF_EEENSK_IJEEEEEEvPT_DpOT0_ DATA
 0002:0000dce8 00000020H .xdata$_ZNSt3__14pairIKPN6System7Typinfo9TTypeInfoEPSt9type_infoEC2B6v15007IJRS5_EJEEENS_21piecewise_construct_tENS_5tupleIJDpT_EEENSC_IJDpT0_EEE DATA
 0002:0000dd08 00000008H .xdata$_ZNSt3__14pairIKPN6System7Typinfo9TTypeInfoEPSt9type_infoEC2B6v15007IJRS5_EJEJLy0EEJEEENS_21piecewise_construct_tERNS_5tupleIJDpT_EEERNSC_IJDpT0_EEENS_15__tuple_indicesIJXspT1_EEEENSL_IJXspT2_EEEE DATA
 0002:0000dd10 00000008H .xdata$_ZNSt3__13getB6v15007ILy0EJRKPN6System7Typinfo9TTypeInfoEEEERNS_13tuple_elementIXT_ENS_5tupleIJDpT0_EEEE4typeERSB_ DATA
 0002:0000dd18 00000008H .xdata$_ZNSt3__112__tuple_leafILy0ERKPN6System7Typinfo9TTypeInfoELb0EE3getB6v15007Ev DATA
 0002:0000dd20 00000008H .xdata$_ZNSt3__117__compressed_pairIPNS_11__hash_nodeINS_17__hash_value_typeIPN6System7Typinfo9TTypeInfoEPSt9type_infoEEPvEENS_22__hash_node_destructorINS_9allocatorISB_EEEEE6secondB6v15007Ev DATA
 0002:0000dd28 00000008H .xdata$_ZNSt3__122__compressed_pair_elemINS_22__hash_node_destructorINS_9allocatorINS_11__hash_nodeINS_17__hash_value_typeIPN6System7Typinfo9TTypeInfoEPSt9type_infoEEPvEEEEEELi1ELb0EE5__getB6v15007Ev DATA
 0002:0000dd30 00000008H .xdata$_ZNSt3__117__compressed_pairIyNS_22__unordered_map_hasherIPN6System7Typinfo9TTypeInfoENS_17__hash_value_typeIS5_PSt9type_infoEENS_4hashIS5_EENS_8equal_toIS5_EELb1EEEE5firstB6v15007Ev DATA
 0002:0000dd38 00000008H .xdata$_ZNSt3__117__compressed_pairIfNS_21__unordered_map_equalIPN6System7Typinfo9TTypeInfoENS_17__hash_value_typeIS5_PSt9type_infoEENS_8equal_toIS5_EENS_4hashIS5_EELb1EEEE5firstB6v15007Ev DATA
 0002:0000dd40 00000008H .xdata$_ZNSt3__122__compressed_pair_elemIfLi0ELb0EE5__getB6v15007Ev DATA
 0002:0000dd48 00000008H .xdata$_ZNSt3__112__hash_tableINS_17__hash_value_typeIPN6System7Typinfo9TTypeInfoEPSt9type_infoEENS_22__unordered_map_hasherIS5_S8_NS_4hashIS5_EENS_8equal_toIS5_EELb1EEENS_21__unordered_map_equalIS5_S8_SD_SB_Lb1EEENS_9allocatorIS8_EEE8__rehashILb1EEEvy DATA
 0002:0000dd50 00000008H .xdata$_ZNSt3__112__hash_tableINS_17__hash_value_typeIPN6System7Typinfo9TTypeInfoEPSt9type_infoEENS_22__unordered_map_hasherIS5_S8_NS_4hashIS5_EENS_8equal_toIS5_EELb1EEENS_21__unordered_map_equalIS5_S8_SD_SB_Lb1EEENS_9allocatorIS8_EEE11__do_rehashILb1EEEvy DATA
 0002:0000dd58 00000008H .xdata$_ZNSt3__116__next_hash_pow2B6v15007Ey DATA
 0002:0000dd60 00000008H .xdata$_ZNSt3__125__debug_db_invalidate_allB6v15007INS_12__hash_tableINS_17__hash_value_typeIPN6System7Typinfo9TTypeInfoEPSt9type_infoEENS_22__unordered_map_hasherIS6_S9_NS_4hashIS6_EENS_8equal_toIS6_EELb1EEENS_21__unordered_map_equalIS6_S9_SE_SC_Lb1EEENS_9allocatorIS9_EEEEEEvPT_ DATA
 0002:0000dd68 00000008H .xdata$_ZNSt3__110unique_ptrIA_PNS_16__hash_node_baseIPNS_11__hash_nodeINS_17__hash_value_typeIPN6System7Typinfo9TTypeInfoEPSt9type_infoEEPvEEEENS_25__bucket_list_deallocatorINS_9allocatorISF_EEEEE11get_deleterB6v15007Ev DATA
 0002:0000dd70 00000008H .xdata$_ZNSt3__110unique_ptrIA_PNS_16__hash_node_baseIPNS_11__hash_nodeINS_17__hash_value_typeIPN6System7Typinfo9TTypeInfoEPSt9type_infoEEPvEEEENS_25__bucket_list_deallocatorINS_9allocatorISF_EEEEE5resetB6v15007IPSF_EENS_9enable_ifIXsr28_CheckArrayPointerConversionIT_EE5valueEvE4typeESP_ DATA
 0002:0000dd78 00000008H .xdata$_ZNSt3__116allocator_traitsINS_9allocatorIPNS_16__hash_node_baseIPNS_11__hash_nodeINS_17__hash_value_typeIPN6System7Typinfo9TTypeInfoEPSt9type_infoEEPvEEEEEEE8allocateB6v15007ERSH_y DATA
 0002:0000dd80 00000008H .xdata$_ZNSt3__19allocatorIPNS_16__hash_node_baseIPNS_11__hash_nodeINS_17__hash_value_typeIPN6System7Typinfo9TTypeInfoEPSt9type_infoEEPvEEEEE8allocateB6v15007Ey DATA
 0002:0000dd88 00000008H .xdata$_ZNSt3__116allocator_traitsINS_9allocatorIPNS_16__hash_node_baseIPNS_11__hash_nodeINS_17__hash_value_typeIPN6System7Typinfo9TTypeInfoEPSt9type_infoEEPvEEEEEEE8max_sizeB6v15007ISH_vEEyRKSH_ DATA
 0002:0000dd90 00000008H .xdata$_ZNKSt3__19allocatorIPNS_16__hash_node_baseIPNS_11__hash_nodeINS_17__hash_value_typeIPN6System7Typinfo9TTypeInfoEPSt9type_infoEEPvEEEEE8max_sizeB6v15007Ev DATA
 0002:0000dd98 00000008H .xdata$_ZNSt3__112__libcpp_clzB6v15007Ey DATA
 0002:0000dda0 00000008H .xdata$_ZNSt3__13maxB6v15007IyNS_6__lessIyyEEEERKT_S5_S5_T0_ DATA
 0002:0000dda8 00000008H .xdata$_ZNKSt3__16__lessIyyEclB6v15007ERKyS3_ DATA
 0002:0000ddb0 00000008H .xdata$_ZNKSt3__117__compressed_pairIPNS_11__hash_nodeINS_17__hash_value_typeIPN6System7Typinfo9TTypeInfoEPSt9type_infoEEPvEENS_22__hash_node_destructorINS_9allocatorISB_EEEEE5firstB6v15007Ev DATA
 0002:0000ddb8 00000008H .xdata$_ZNKSt3__122__compressed_pair_elemIPNS_11__hash_nodeINS_17__hash_value_typeIPN6System7Typinfo9TTypeInfoEPSt9type_infoEEPvEELi0ELb0EE5__getB6v15007Ev DATA
 0002:0000ddc0 00000008H .xdata$_ZNSt3__117__compressed_pairIPNS_11__hash_nodeINS_17__hash_value_typeIPN6System7Typinfo9TTypeInfoEPSt9type_infoEEPvEENS_22__hash_node_destructorINS_9allocatorISB_EEEEE5firstB6v15007Ev DATA
 0002:0000ddc8 00000008H .xdata$_ZNSt3__122__compressed_pair_elemIPNS_11__hash_nodeINS_17__hash_value_typeIPN6System7Typinfo9TTypeInfoEPSt9type_infoEEPvEELi0ELb0EE5__getB6v15007Ev DATA
 0002:0000ddd0 00000008H .xdata$_ZNSt3__110unique_ptrINS_11__hash_nodeINS_17__hash_value_typeIPN6System7Typinfo9TTypeInfoEPSt9type_infoEEPvEENS_22__hash_node_destructorINS_9allocatorISB_EEEEE5resetB6v15007EPSB_ DATA
 0002:0000ddd8 00000020H .xdata$_ZNSt3__122__hash_node_destructorINS_9allocatorINS_11__hash_nodeINS_17__hash_value_typeIPN6System7Typinfo9TTypeInfoEPSt9type_infoEEPvEEEEEclB6v15007EPSC_ DATA
 0002:0000ddf8 00000008H .xdata$_ZNSt3__15tupleIJRKPN6System7Typinfo9TTypeInfoEEEC2B6v15007INS_4_AndELi0EEES6_ DATA
 0002:0000de00 00000008H .xdata$_ZNSt3__112__tuple_implINS_15__tuple_indicesIJLy0EEEEJRKPN6System7Typinfo9TTypeInfoEEEC2B6v15007IJLy0EEJS8_EJEJEJS8_EEENS1_IJXspT_EEEENS_13__tuple_typesIJDpT0_EEENS1_IJXspT1_EEEENSC_IJDpT2_EEEDpOT3_ DATA
 0002:0000de08 00000008H .xdata$_ZNSt3__112__tuple_leafILy0ERKPN6System7Typinfo9TTypeInfoELb0EEC2B6v15007IS6_vEEOT_ DATA
[...]
 0002:0000e5c8       $unwind$_ZN6System8Internal7Initcpp23SelectForInitializationEPNS1_20TUnitDescriptorBlockES3_ 00000001400215c8     rtl:System.Internal.InitCPP.o
 0002:0000e5cc       $unwind$_ZN6System8Internal7Initcpp23SelectForInitializationEPPNS1_20TUnitDescriptorBlockES4_ 00000001400215cc     rtl:System.Internal.InitCPP.o
 0002:0000e5d0       $unwind$_ZN6System8Internal7Initcpp15InitializeUnitsEPNS1_20TUnitDescriptorBlockES3_ 00000001400215d0     rtl:System.Internal.InitCPP.o
 0002:0000e5dc       $unwind$_ZN6System8Internal7Initcpp13FinalizeUnitsEPNS1_20TUnitDescriptorBlockES3_ 00000001400215dc     rtl:System.Internal.InitCPP.o
 0002:0000e5e4       $unwind$_ZN6System8Internal7Initcpp15InitializeUnitsEPPNS1_20TUnitDescriptorBlockES4_ 00000001400215e4     rtl:System.Internal.InitCPP.o
 0002:0000e5f0       $unwind$_ZN6System8Internal7Initcpp13FinalizeUnitsEPPNS1_20TUnitDescriptorBlockES4_ 00000001400215f0     rtl:System.Internal.InitCPP.o
 0002:0000e5f8       $unwind$_ZN6System8Internal7Initcpp15InitializeUnitsEPNS1_15TUnitDescriptorES3_ 00000001400215f8     rtl:System.Internal.InitCPP.o
 0002:0000e600       $unwind$_ZN6System8Internal7Initcpp13FinalizeUnitsEPNS1_15TUnitDescriptorES3_ 0000000140021600     rtl:System.Internal.InitCPP.o
 0002:0000e608       $unwind$_ZN6System8Internal7Initcpp15CalculateDegreeEPNS1_20TUnitDescriptorBlockES3_ 0000000140021608     rtl:System.Internal.InitCPP.o
 0002:0000e60c       $unwind$_ZN6System8Internal7Initcpp15CalculateDegreeEPPNS1_20TUnitDescriptorBlockES4_ 000000014002160c     rtl:System.Internal.InitCPP.o
 0002:0000e610       $unwind$_ZN6System8Internal7Initcpp16FinalizeUnitListEPPPNS1_15TUnitDescriptorES5_ 0000000140021610     rtl:System.Internal.InitCPP.o
 0002:0000e64c       $unwind$_ZN6System8Internal7Initcpp18InitializeRootUnitEPNS1_15TUnitDescriptorE 000000014002164c     rtl:System.Internal.InitCPP.o
 0002:0000e700       $unwind$_ZN6System8Internal7Initcpp16FinalizeRootUnitEPNS1_15TUnitDescriptorE 0000000140021700     rtl:System.Internal.InitCPP.o
 0002:0000e73c       $unwind$_ZN6System8Internal7Initcpp12FinalizationEv 000000014002173c     rtl:System.Internal.InitCPP.o
 0002:0000e740       $unwind$_ZN6System8Internal7Initcpp14initializationEv 0000000140021740     rtl:System.Internal.InitCPP.o
 0004:00000000       version_string             0000000140023000     crtbegin.o
 0004:000000e8       _ZN7Sysinit6ModuleE        00000001400230e8     sysinit.o
 0004:00000120       _ZN7Sysinit7TlsProcE       0000000140023120     sysinit.o
 0004:00000140       _ZN7Sysinit21_dtors_delayhlp_65535E 0000000140023140     sysinit.o
 0004:00000160       initial_tznames            0000000140023160     libucrt:lib64_libucrt_extra_a-ucrtbase_compat.o
 0004:00000178       initial_timezone           0000000140023178     libucrt:lib64_libucrt_extra_a-ucrtbase_compat.o
 0004:00000188       initial_daylight           0000000140023188     libucrt:lib64_libucrt_extra_a-ucrtbase_compat.o
 0004:000001c8       initial_tzname0            00000001400231c8     libucrt:lib64_libucrt_extra_a-ucrtbase_compat.o
 0004:000001cc       initial_tzname1            00000001400231cc     libucrt:lib64_libucrt_extra_a-ucrtbase_compat.o
 0004:000001e0       __do_global_dtors.p        00000001400231e0     libmingw32:lib64_libmingw32_a-gccmain.o
 0004:00000218       _ZZN6System19CheckSafecallResultElE13__init_comobj 0000000140023218     rtle:syssupp.o
 0004:0000023c       managedapp                 000000014002323c     crt2u.o
 0004:00000240       startinfo                  0000000140023240     crt2u.o
 0004:00000244       argc                       0000000140023244     crt2u.o
 0004:00000248       argv                       0000000140023248     crt2u.o
 0004:00000250       envp                       0000000140023250     crt2u.o
 0004:00000258       argret                     0000000140023258     crt2u.o
 0004:0000025c       has_cctor                  000000014002325c     crt2u.o
 0004:00000260       mainret                    0000000140023260     crt2u.o
 0004:000002a8       _ZN7Sysinit2_1E            00000001400232a8     sysinit.o
 0004:000002b0       _ZN7Sysinit9tlsBufferE     00000001400232b0     sysinit.o
 0004:000002b8       _ZN7Sysinit9UseTlsAPIE     00000001400232b8     sysinit.o
 0004:000002c0       .bss.delayhlp              00000001400232c0     sysinit.o
 0004:000002c0       ..__puiHead                00000001400232c0     sysinit.o
 0004:000002d0       local__initenv             00000001400232d0     libucrt:lib64_libucrt_extra_a-__initenv.o
 0004:000002d8       local__winitenv            00000001400232d8     libucrt:lib64_libucrt_extra_a-__initenv.o
 0004:000002e0       initialized                00000001400232e0     libmingw32:lib64_libmingw32_a-gccmain.o
 0004:00000318       _pei386_runtime_relocator.was_init 0000000140023318     libmingw32:lib64_libmingw32_a-pseudo-reloc.o
 0004:00000320       the_secs                   0000000140023320     libmingw32:lib64_libmingw32_a-pseudo-reloc.o
 0004:00000328       maxSections                0000000140023328     libmingw32:lib64_libmingw32_a-pseudo-reloc.o
 0004:00000330       stUserMathErr              0000000140023330     libmingw32:lib64_libmingw32_a-usermatherr.o
 0004:00000350       __mingwthr_cs_init         0000000140023350     libmingw32:lib64_libmingw32_a-tlsthrd.o
 0004:00000358       __mingwthr_cs              0000000140023358     libmingw32:lib64_libmingw32_a-tlsthrd.o
 0004:00000380       key_dtor_list              0000000140023380     libmingw32:lib64_libmingw32_a-tlsthrd.o
 0004:00000390       _ZZ18__delphi_type_infoE15type_info_mutex 0000000140023390     rtle:syssupp.o
 0004:00000398       _ZZ18__delphi_type_infoE13type_info_map 0000000140023398     rtle:syssupp.o
 0004:000003c0       _ZGVZ18__delphi_type_infoE13type_info_map 00000001400233c0     rtle:syssupp.o
 0004:000003d0       _ZN6System8Internal7Strhlpr2_1E 00000001400233d0     rtl:System.Internal.StrHlpr.o
 0004:000003d4       _ZN6System8Internal7Initcpp2_1E 00000001400233d4     rtl:System.Internal.InitCPP.o
 0005:0000006c       $pdata$_ZN7Sysinit19InterlockedExchangeERii 000000014002406c     sysinit.o
 0005:00000078       $pdata$_ZN7Sysinit26InterlockedExchangePointerERPvS0_ 0000000140024078     sysinit.o
 0005:00000084       $pdata$_ZN7Sysinit17SetDliNotifyHook2EPFPv15dliNotificationP13DelayLoadInfoE 0000000140024084     sysinit.o
 0005:00000090       $pdata$_ZN7Sysinit14DliNotifyHook2Ev 0000000140024090     sysinit.o
 0005:0000009c       $pdata$_ZN7Sysinit18SetDliFailureHook2EPFPv15dliNotificationP13DelayLoadInfoE 000000014002409c     sysinit.o
 0005:000000a8       $pdata$_ZN7Sysinit15DliFailureHook2Ev 00000001400240a8     sysinit.o
 0005:000000b4       $pdata$_ZN7Sysinit17_DelayLoadHelper2ERPvS0_ 00000001400240b4     sysinit.o
 0005:000000c0       $pdata$_ZN7Sysinit21UnloadDelayLoadedDLL2EPc 00000001400240c0     sysinit.o
 0005:000000cc       $pdata$_ZN7Sysinit20LoadAllImportsForDllEPc 00000001400240cc     sysinit.o
 0005:000000d8       $pdata$_ZN7Sysinit14AllocTlsBufferEi 00000001400240d8     sysinit.o
 0005:000000e4       $pdata$_ZN7Sysinit10GetTlsSizeEv 00000001400240e4     sysinit.o
 0005:000000f0       $pdata$_ZN7Sysinit13InitThreadTLSEv 00000001400240f0     sysinit.o
 0005:000000fc       $pdata$_ZN7Sysinit14InitProcessTLSEv 00000001400240fc     sysinit.o
 0005:00000108       $pdata$_ZN7Sysinit13ExitThreadTLSEv 0000000140024108     sysinit.o
 0005:00000114       $pdata$_ZN7Sysinit14ExitProcessTLSEv 0000000140024114     sysinit.o
 0005:00000120       $pdata$_ZN7Sysinit6isWineEv 0000000140024120     sysinit.o
 0005:0000012c       $pdata$_ZN7Sysinit7_GetTlsEv 000000014002412c     sysinit.o
 0005:00000138       $pdata$_ZN7Sysinit16InitializeModuleEv 0000000140024138     sysinit.o
 0005:00000144       $pdata$_ZN7Sysinit18UninitializeModuleEv 0000000140024144     sysinit.o
 0005:00000150       $pdata$_ZN7Sysinit7VclInitEbbyb 0000000140024150     sysinit.o
 0005:0000015c       $pdata$_ZN7Sysinit7VclExitEv 000000014002415c     sysinit.o
 0005:00000168       $pdata$_ZN7Sysinit14__dbkDummyProcEv 0000000140024168     sysinit.o
 0005:00000174       $pdata$_ZN7Sysinit14__dbkFCallArgsEPvS0_S0_S0_S0_S0_S0_S0_S0_S0_S0_S0_S0_S0_S0_S0_S0_S0_S0_S0_S0_S0_S0_S0_S0_S0_S0_S0_S0_S0_ 0000000140024174     sysinit.o
 0005:00000180       $pdata$_ZN7Sysinit19__dbk_fcall_wrapperEv 0000000140024180     sysinit.o
 0005:00000198       $pdata$_ZN7Sysinit8_InitPkgEyiPv 0000000140024198     sysinit.o
 0005:000001a4       $pdata$_ZN7Sysinit12_PackageLoadEPN6System16PackageInfoTableE 00000001400241a4     sysinit.o
 0005:000001b0       $pdata$_ZN7Sysinit14_PackageUnloadEPN6System16PackageInfoTableE 00000001400241b0     sysinit.o
 0005:000001bc       $pdata$_ZN7Sysinit8_InitLibEPN6System12TInitContextEPNS0_16PackageInfoTableEyjPv 00000001400241bc     sysinit.o
 0005:000001c8       $pdata$_ZN7Sysinit8_InitExeEPv 00000001400241c8     sysinit.o
 0005:000001d4       $pdata$delayhlp            00000001400241d4     sysinit.o
 0005:00000204       $pdata$_ZN7Sysinit12FinalizationEv 0000000140024204     sysinit.o
 0005:00000210       $pdata$_ZN7Sysinit14initializationEv 0000000140024210     sysinit.o
 0005:000014a0       $pdata$_ZN6System8Internal7Strhlpr15UnicodeFromAnsiERNS_13UnicodeStringERNS_11AnsiStringTILt65535EEE 00000001400254a0     rtl:System.Internal.StrHlpr.o
 0005:000014ac       $pdata$_ZN6System8Internal7Strhlpr16UnicodeFromPCharERNS_13UnicodeStringEPcb 00000001400254ac     rtl:System.Internal.StrHlpr.o
 0005:000014c4       $pdata$_ZN6System8Internal7Strhlpr15UnicodeFromUTF8ERNS_13UnicodeStringEPKc 00000001400254c4     rtl:System.Internal.StrHlpr.o
 0005:000014d0       $pdata$_ZN6System8Internal7Strhlpr20UnicodeFromPWideCharERNS_13UnicodeStringEPw 00000001400254d0     rtl:System.Internal.StrHlpr.o
 0005:000014dc       $pdata$_ZN6System8Internal7Strhlpr13UnicodeAppendERNS_13UnicodeStringES3_ 00000001400254dc     rtl:System.Internal.StrHlpr.o
 0005:000014e8       $pdata$_ZN6System8Internal7Strhlpr10UnicodeCatERNS_13UnicodeStringES3_ 00000001400254e8     rtl:System.Internal.StrHlpr.o
 0005:000014f4       $pdata$_ZN6System8Internal7Strhlpr13UnicodeDeleteERNS_13UnicodeStringEii 00000001400254f4     rtl:System.Internal.StrHlpr.o
 0005:00001500       $pdata$_ZN6System8Internal7Strhlpr16UnicodeSetLengthERNS_13UnicodeStringEi 0000000140025500     rtl:System.Internal.StrHlpr.o
 0005:0000150c       $pdata$_ZN6System8Internal7Strhlpr10UnicodePosERNS_13UnicodeStringES3_ 000000014002550c     rtl:System.Internal.StrHlpr.o
 0005:00001518       $pdata$_ZN6System8Internal7Strhlpr11UnicodeCopyERNS_13UnicodeStringEii 0000000140025518     rtl:System.Internal.StrHlpr.o
 0005:00001524       $pdata$_ZN6System8Internal7Strhlpr13UnicodeInsertERNS_13UnicodeStringES3_i 0000000140025524     rtl:System.Internal.StrHlpr.o
 0005:00001530       $pdata$_ZN6System8Internal7Strhlpr13UnicodeAssignERNS_13UnicodeStringES3_ 0000000140025530     rtl:System.Internal.StrHlpr.o
 0005:0000153c       $pdata$_ZN6System8Internal7Strhlpr11UnicodeFreeERNS_13UnicodeStringE 000000014002553c     rtl:System.Internal.StrHlpr.o
 0005:00001548       $pdata$_ZN6System8Internal7Strhlpr12UnicodeEqualERNS_13UnicodeStringES3_ 0000000140025548     rtl:System.Internal.StrHlpr.o
 0005:00001554       $pdata$_ZN6System8Internal7Strhlpr11UnicodeLessERNS_13UnicodeStringES3_ 0000000140025554     rtl:System.Internal.StrHlpr.o
 0005:00001560       $pdata$_ZN6System8Internal7Strhlpr14UnicodeGreaterERNS_13UnicodeStringES3_ 0000000140025560     rtl:System.Internal.StrHlpr.o
 0005:0000156c       $pdata$_ZN6System8Internal7Strhlpr10AnsiAppendERNS_11AnsiStringTILt65535EEES4_ 000000014002556c     rtl:System.Internal.StrHlpr.o
 0005:00001578       $pdata$_ZN6System8Internal7Strhlpr7AnsiCatERNS_11AnsiStringTILt65535EEES4_ 0000000140025578     rtl:System.Internal.StrHlpr.o
 0005:00001584       $pdata$_ZN6System8Internal7Strhlpr10AnsiDeleteERNS_11AnsiStringTILt65535EEEii 0000000140025584     rtl:System.Internal.StrHlpr.o
 0005:00001590       $pdata$_ZN6System8Internal7Strhlpr13AnsiSetLengthERNS_11AnsiStringTILt65535EEEi 0000000140025590     rtl:System.Internal.StrHlpr.o
 0005:0000159c       $pdata$_ZN6System8Internal7Strhlpr7AnsiPosERNS_11AnsiStringTILt65535EEES4_ 000000014002559c     rtl:System.Internal.StrHlpr.o
 0005:000015a8       $pdata$_ZN6System8Internal7Strhlpr8AnsiCopyERNS_11AnsiStringTILt65535EEEii 00000001400255a8     rtl:System.Internal.StrHlpr.o
 0005:000015b4       $pdata$_ZN6System8Internal7Strhlpr10AnsiInsertERNS_11AnsiStringTILt65535EEES4_i 00000001400255b4     rtl:System.Internal.StrHlpr.o
 0005:000015c0       $pdata$_ZN6System8Internal7Strhlpr9AnsiEqualERNS_11AnsiStringTILt65535EEES4_ 00000001400255c0     rtl:System.Internal.StrHlpr.o
 0005:000015cc       $pdata$_ZN6System8Internal7Strhlpr11AnsiGreaterERNS_11AnsiStringTILt65535EEES4_ 00000001400255cc     rtl:System.Internal.StrHlpr.o
 0005:000015d8       $pdata$_ZN6System8Internal7Strhlpr8AnsiLessERNS_11AnsiStringTILt65535EEES4_ 00000001400255d8     rtl:System.Internal.StrHlpr.o
 0005:000015e4       $pdata$_ZN6System8Internal7Strhlpr10AnsiAssignERNS_11AnsiStringTILt65535EEES4_ 00000001400255e4     rtl:System.Internal.StrHlpr.o
 0005:000015f0       $pdata$_ZN6System8Internal7Strhlpr8AnsiFreeERNS_11AnsiStringTILt65535EEE 00000001400255f0     rtl:System.Internal.StrHlpr.o
 0005:000015fc       $pdata$_ZN6System8Internal7Strhlpr10WideAssignERNS_10WideStringES3_ 00000001400255fc     rtl:System.Internal.StrHlpr.o
 0005:00001608       $pdata$_ZN6System8Internal7Strhlpr8WideFreeERNS_10WideStringE 0000000140025608     rtl:System.Internal.StrHlpr.o
 0005:00001614       $pdata$_ZN6System8Internal7Strhlpr12WideFromAnsiERNS_10WideStringERNS_11AnsiStringTILt65535EEE 0000000140025614     rtl:System.Internal.StrHlpr.o
 0005:00001620       $pdata$_ZN6System8Internal7Strhlpr15WideFromUnicodeERNS_10WideStringERNS_13UnicodeStringE 0000000140025620     rtl:System.Internal.StrHlpr.o
 0005:0000162c       $pdata$_ZN6System8Internal7Strhlpr13WideFromPCharERNS_10WideStringEPcb 000000014002562c     rtl:System.Internal.StrHlpr.o
 0005:00001644       $pdata$_ZN6System8Internal7Strhlpr9WideEqualERNS_10WideStringES3_ 0000000140025644     rtl:System.Internal.StrHlpr.o
 0005:00001650       $pdata$_ZN6System8Internal7Strhlpr8WideLessERNS_10WideStringES3_ 0000000140025650     rtl:System.Internal.StrHlpr.o
 0005:0000165c       $pdata$_ZN6System8Internal7Strhlpr11WideGreaterERNS_10WideStringES3_ 000000014002565c     rtl:System.Internal.StrHlpr.o
 0005:00001668       $pdata$_ZN6System8Internal7Strhlpr7WideCatERNS_10WideStringES3_ 0000000140025668     rtl:System.Internal.StrHlpr.o
 0005:00001674       $pdata$_ZN6System8Internal7Strhlpr10WideLengthERNS_10WideStringE 0000000140025674     rtl:System.Internal.StrHlpr.o
 0005:00001680       $pdata$_ZN6System8Internal7Strhlpr7WidePosERNS_10WideStringES3_ 0000000140025680     rtl:System.Internal.StrHlpr.o
 0005:0000168c       $pdata$_ZN6System8Internal7Strhlpr13WideSetLengthERNS_10WideStringEi 000000014002568c     rtl:System.Internal.StrHlpr.o
 0005:00001698       $pdata$_ZN6System8Internal7Strhlpr10WideDeleteERNS_10WideStringEii 0000000140025698     rtl:System.Internal.StrHlpr.o
 0005:000016a4       $pdata$_ZN6System8Internal7Strhlpr10WideInsertERNS_10WideStringES3_i 00000001400256a4     rtl:System.Internal.StrHlpr.o
 0005:000016b0       $pdata$_ZN6System8Internal7Strhlpr8WideCopyERNS_10WideStringEii 00000001400256b0     rtl:System.Internal.StrHlpr.o
 0005:000016bc       $pdata$_ZN6System8Internal7Strhlpr10WideAppendERNS_10WideStringES3_ 00000001400256bc     rtl:System.Internal.StrHlpr.o
 0005:000016c8       $pdata$_ZN6System8Internal7Strhlpr12WideFromUTF8ERNS_10WideStringEPKc 00000001400256c8     rtl:System.Internal.StrHlpr.o
 0005:000016e0       $pdata$_ZN6System8Internal7Strhlpr15UnicodeFromWideERNS_13UnicodeStringERNS_10WideStringE 00000001400256e0     rtl:System.Internal.StrHlpr.o
 0005:000016ec       $pdata$_ZN6System8Internal7Strhlpr12FinalizationEv 00000001400256ec     rtl:System.Internal.StrHlpr.o
 0005:000016f8       $pdata$_ZN6System8Internal7Strhlpr14initializationEv 00000001400256f8     rtl:System.Internal.StrHlpr.o
 0005:00001b30       $pdata$_ZN6System8Internal7Initcpp23SelectForInitializationEPNS1_20TUnitDescriptorBlockES3_ 0000000140025b30     rtl:System.Internal.InitCPP.o
 0005:00001b3c       $pdata$_ZN6System8Internal7Initcpp23SelectForInitializationEPPNS1_20TUnitDescriptorBlockES4_ 0000000140025b3c     rtl:System.Internal.InitCPP.o
 0005:00001b48       $pdata$_ZN6System8Internal7Initcpp15InitializeUnitsEPNS1_20TUnitDescriptorBlockES3_ 0000000140025b48     rtl:System.Internal.InitCPP.o
 0005:00001b54       $pdata$_ZN6System8Internal7Initcpp13FinalizeUnitsEPNS1_20TUnitDescriptorBlockES3_ 0000000140025b54     rtl:System.Internal.InitCPP.o
 0005:00001b60       $pdata$_ZN6System8Internal7Initcpp15InitializeUnitsEPPNS1_20TUnitDescriptorBlockES4_ 0000000140025b60     rtl:System.Internal.InitCPP.o
 0005:00001b6c       $pdata$_ZN6System8Internal7Initcpp13FinalizeUnitsEPPNS1_20TUnitDescriptorBlockES4_ 0000000140025b6c     rtl:System.Internal.InitCPP.o
 0005:00001b78       $pdata$_ZN6System8Internal7Initcpp15InitializeUnitsEPNS1_15TUnitDescriptorES3_ 0000000140025b78     rtl:System.Internal.InitCPP.o
 0005:00001b84       $pdata$_ZN6System8Internal7Initcpp13FinalizeUnitsEPNS1_15TUnitDescriptorES3_ 0000000140025b84     rtl:System.Internal.InitCPP.o
 0005:00001b90       $pdata$_ZN6System8Internal7Initcpp15CalculateDegreeEPNS1_20TUnitDescriptorBlockES3_ 0000000140025b90     rtl:System.Internal.InitCPP.o
 0005:00001b9c       $pdata$_ZN6System8Internal7Initcpp15CalculateDegreeEPPNS1_20TUnitDescriptorBlockES4_ 0000000140025b9c     rtl:System.Internal.InitCPP.o
 0005:00001ba8       $pdata$_ZN6System8Internal7Initcpp16FinalizeUnitListEPPPNS1_15TUnitDescriptorES5_ 0000000140025ba8     rtl:System.Internal.InitCPP.o
 0005:00001bc0       $pdata$_ZN6System8Internal7Initcpp18InitializeRootUnitEPNS1_15TUnitDescriptorE 0000000140025bc0     rtl:System.Internal.InitCPP.o
 0005:00001bfc       $pdata$_ZN6System8Internal7Initcpp16FinalizeRootUnitEPNS1_15TUnitDescriptorE 0000000140025bfc     rtl:System.Internal.InitCPP.o
 0005:00001c14       $pdata$_ZN6System8Internal7Initcpp12FinalizationEv 0000000140025c14     rtl:System.Internal.InitCPP.o
 0005:00001c20       $pdata$_ZN6System8Internal7Initcpp14initializationEv 0000000140025c20     rtl:System.Internal.InitCPP.o
 000b:00000370       $R000000                   000000014002b370     internal .obj file created from .res files
 000b:000004a8       $R000001                   000000014002b4a8     internal .obj file created from .res files
 000b:000006a8       $R000002                   000000014002b6a8     internal .obj file created from .res files
 000b:00001cd0       $R000003                   000000014002ccd0     internal .obj file created from .res files
 000b:00002b78       $R000004                   000000014002db78     internal .obj file created from .res files
 000b:00003420       $R000005                   000000014002e420     internal .obj file created from .res files
 000b:00003988       $R000006                   000000014002e988     internal .obj file created from .res files
 000b:00009e48       $R000007                   0000000140034e48     internal .obj file created from .res files
 000b:0001a670       $R000008                   0000000140045670     internal .obj file created from .res files
 000b:0001e898       $R000009                   0000000140049898     internal .obj file created from .res files
 000b:0001f220       $R00000A                   000000014004a220     internal .obj file created from .res files
 000b:0001f688       $R00000B                   000000014004a688     internal .obj file created from .res files
 000b:0001f710       $R00000C                   000000014004a710     internal .obj file created from .res files
 000b:0001fe20       $R00000D                   000000014004ae20     internal .obj file created from .res files
